# k-Sum proof-DAG Lean layer — full build after the 2026-07-30 relocation
# cwd: ksum/proof-dag/lean
# command: lake build
# lean: Lean (version 4.31.0, x86_64-w64-windows-gnu, commit 68218e876d2a38b1985b8590fff244a83c321783, Release)
# lake:  Lake version 5.0.0-src+68218e8 (Lean version 4.31.0)
# date (UTC): 2026-07-30T20:55:58Z
#
ℹ [2015/2111] Replayed KsumAudit.MainLine
info: KsumAudit/MainLine.lean:1048:0: 'KsumAudit.twoSum_encode' depends on axioms: [propext, Classical.choice, Quot.sound]
info: KsumAudit/MainLine.lean:1049:0: 'KsumAudit.twoSum_encode_cyc' depends on axioms: [propext, Classical.choice, Quot.sound]
info: KsumAudit/MainLine.lean:1050:0: 'KsumAudit.twoSum_encode_cyc_pair' depends on axioms: [propext, Classical.choice, Quot.sound]
info: KsumAudit/MainLine.lean:1051:0: 'KsumAudit.twoSum_snoc_zero' depends on axioms: [propext, Classical.choice, Quot.sound]
info: KsumAudit/MainLine.lean:1052:0: 'KsumAudit.twoSum_encode_snoc' depends on axioms: [propext, Classical.choice, Quot.sound]
info: KsumAudit/MainLine.lean:1053:0: 'KsumAudit.twoSum_encode_snoc_cyc' depends on axioms: [propext, Classical.choice, Quot.sound]
info: KsumAudit/MainLine.lean:1054:0: 'KsumAudit.QueryModel.relabel_inj' depends on axioms: [propext, Classical.choice, Quot.sound]
info: KsumAudit/MainLine.lean:1055:0: 'KsumAudit.Q_claw_le_encode' depends on axioms: [propext, Classical.choice, Quot.sound]
info: KsumAudit/MainLine.lean:1056:0: 'KsumAudit.Q_claw_le_encode_odd' depends on axioms: [propext, Classical.choice, Quot.sound]
info: KsumAudit/MainLine.lean:1057:0: 'KsumAudit.Q_claw_le_twoSum_zero' depends on axioms: [propext, Classical.choice, Quot.sound]
info: KsumAudit/MainLine.lean:1058:0: 'KsumAudit.twoSum_shift' depends on axioms: [propext, Classical.choice, Quot.sound]
info: KsumAudit/MainLine.lean:1059:0: 'KsumAudit.Q_twoSum_shift' depends on axioms: [propext, Classical.choice, Quot.sound]
info: KsumAudit/MainLine.lean:1060:0: 'KsumAudit.exists_half_odd' depends on axioms: [propext, Quot.sound]
info: KsumAudit/MainLine.lean:1061:0: 'KsumAudit.combine_bound' depends on axioms: [propext, Classical.choice, Quot.sound]
info: KsumAudit/MainLine.lean:1062:0: 'KsumAudit.main_odd' depends on axioms: [propext, Classical.choice, Quot.sound]
info: KsumAudit/MainLine.lean:1063:0: 'KsumAudit.main_odd_abi' depends on axioms: [propext, Classical.choice, Quot.sound]
info: KsumAudit/MainLine.lean:1064:0: 'KsumAudit.exists_repr_set' depends on axioms: [propext, Classical.choice, Quot.sound]
info: KsumAudit/MainLine.lean:1065:0: 'KsumAudit.main_general' depends on axioms: [propext, Classical.choice, Quot.sound]
info: KsumAudit/MainLine.lean:1066:0: 'KsumAudit.Q_zero_le_target' depends on axioms: [propext, Classical.choice, Quot.sound]
info: KsumAudit/MainLine.lean:1067:0: 'KsumAudit.threshold_large' depends on axioms: [propext, Classical.choice, Quot.sound]
info: KsumAudit/MainLine.lean:1068:0: 'KsumAudit.threshold_small' depends on axioms: [propext, Classical.choice, Quot.sound]
info: KsumAudit/MainLine.lean:1069:0: 'KsumAudit.threshold_small_abi' depends on axioms: [propext, Classical.choice, Quot.sound]
info: KsumAudit/MainLine.lean:1070:0: 'KsumAudit.threshold' depends on axioms: [propext, Classical.choice, Quot.sound]
info: KsumAudit/MainLine.lean:1071:0: 'KsumAudit.sqrt_mul_rpow_eq' depends on axioms: [propext, Classical.choice, Quot.sound]
info: KsumAudit/MainLine.lean:1072:0: 'KsumAudit.ED_isIndexOne' does not depend on any axioms
info: KsumAudit/MainLine.lean:1073:0: 'KsumAudit.oabarrier_ED' depends on axioms: [propext, Classical.choice, Quot.sound]
info: KsumAudit/MainLine.lean:1074:0: 'KsumAudit.oabarrier_ED_Q' depends on axioms: [propext, Classical.choice, Quot.sound]
info: KsumAudit/MainLine.lean:1075:0: 'KsumAudit.oabarrier_kSum' depends on axioms: [propext, Classical.choice, Quot.sound]
info: KsumAudit/MainLine.lean:1076:0: 'KsumAudit.demoModel' depends on axioms: [propext, Classical.choice, Quot.sound]
⚠ [2997/3009] Replayed KsumAudit.ObstructionsCore
warning: KsumAudit/ObstructionsCore.lean:93:8: automatically included section variable(s) unused in theorem `KsumAudit.Obstructions.ffRow_zero`:
  [DecidableEq A]
consider restructuring your `variable` declarations so that the variables are not in scope or explicitly omit them:
  omit [DecidableEq A] in theorem ...

Note: This linter can be disabled with `set_option linter.unusedSectionVars false`
warning: KsumAudit/ObstructionsCore.lean:96:0: automatically included section variable(s) unused in theorem `KsumAudit.Obstructions.rowOrder_zero`:
  [DecidableEq A]
consider restructuring your `variable` declarations so that the variables are not in scope or explicitly omit them:
  omit [DecidableEq A] in theorem ...

Note: This linter can be disabled with `set_option linter.unusedSectionVars false`
warning: KsumAudit/ObstructionsCore.lean:100:0: automatically included section variable(s) unused in theorem `KsumAudit.Obstructions.not_pureHighDegree_succ_of_moment_zero_ne_zero`:
  [DecidableEq A]
consider restructuring your `variable` declarations so that the variables are not in scope or explicitly omit them:
  omit [DecidableEq A] in theorem ...

Note: This linter can be disabled with `set_option linter.unusedSectionVars false`
⚠ [2998/3009] Replayed KsumAudit.ObstructionsPairTensor
warning: KsumAudit/ObstructionsPairTensor.lean:172:2: `push_neg` has been deprecated. Prefer using `push Not` instead.
If you'd rather continue using `push_neg` in your project, you can implement it as follows:
```
open Lean.Parser.Tactic in
macro "push_neg" cfg:optConfig loc:(location)? : tactic =>
  `(tactic| push $cfg:optConfig Not $[$loc]?)
```
warning: KsumAudit/ObstructionsPairTensor.lean:169:25: Variable name `hr` is not explicitly referenced.

The binding can be removed (if unused) or named `_` (if used implicitly).

Note: This linter can be disabled with `set_option linter.unusedVariables false`
warning: KsumAudit/ObstructionsPairTensor.lean:237:60: This simp argument is unused:
  and_assoc

Hint: Omit it from the simp argument list.
  simp [admissible, Fintype.mem_piFinset, Finset.mem_range,̵ ̵a̵n̵d̵_̵a̵s̵s̵o̵c̵]

Note: This linter can be disabled with `set_option linter.unusedSimpArgs false`
info: KsumAudit/ObstructionsPairTensor.lean:349:0: 'KsumAudit.Obstructions.PairTensor.kappa_annihilates' depends on axioms: [propext, Classical.choice, Quot.sound]
info: KsumAudit/ObstructionsPairTensor.lean:350:0: 'KsumAudit.Obstructions.PairTensor.prodKappa_l1' depends on axioms: [propext, Classical.choice, Quot.sound]
info: KsumAudit/ObstructionsPairTensor.lean:351:0: 'KsumAudit.Obstructions.PairTensor.prodKappa_moment' depends on axioms: [propext, Classical.choice, Quot.sound]
info: KsumAudit/ObstructionsPairTensor.lean:352:0: 'KsumAudit.Obstructions.PairTensor.slice_annihilation' depends on axioms: [propext, Classical.choice, Quot.sound]
info: KsumAudit/ObstructionsPairTensor.lean:353:0: 'KsumAudit.Obstructions.PairTensor.prodKappa_endpoint_swap' depends on axioms: [propext, Classical.choice, Quot.sound]
info: KsumAudit/ObstructionsPairTensor.lean:354:0: 'KsumAudit.Obstructions.PairTensor.prodKappa_perm' depends on axioms: [propext, Classical.choice, Quot.sound]
info: KsumAudit/ObstructionsPairTensor.lean:355:0: 'KsumAudit.Obstructions.PairTensor.admissible_nonempty' depends on axioms: [propext, Classical.choice, Quot.sound]
info: KsumAudit/ObstructionsPairTensor.lean:356:0: 'KsumAudit.Obstructions.PairTensor.mixture_l1_and_annihilation' depends on axioms: [propext,
 Classical.choice,
 Quot.sound]
info: KsumAudit/ObstructionsPairTensor.lean:357:0: 'KsumAudit.Obstructions.PairTensor.pair_tensor' depends on axioms: [propext, Classical.choice, Quot.sound]
ℹ [2999/3009] Replayed KsumAudit.ObstructionsProduct
info: KsumAudit/ObstructionsProduct.lean:417:0: 'KsumAudit.Obstructions.Product.product_obstruction_exact' depends on axioms: [propext, Classical.choice, Quot.sound]
info: KsumAudit/ObstructionsProduct.lean:418:0: 'KsumAudit.Obstructions.Product.product_obstruction_ratio' depends on axioms: [propext, Classical.choice, Quot.sound]
info: KsumAudit/ObstructionsProduct.lean:419:0: 'KsumAudit.Obstructions.Product.product_obstruction_normalized' depends on axioms: [propext,
 Classical.choice,
 Quot.sound]
info: KsumAudit/ObstructionsProduct.lean:420:0: 'KsumAudit.Obstructions.Product.product_obstruction_q' depends on axioms: [propext, Classical.choice, Quot.sound]
info: KsumAudit/ObstructionsProduct.lean:421:0: 'KsumAudit.Obstructions.Product.product_obstruction_mixture' depends on axioms: [propext, Classical.choice, Quot.sound]
⚠ [3000/3009] Replayed KsumAudit.ObstructionsBlock
warning: KsumAudit/ObstructionsBlock.lean:59:4: `push_neg` has been deprecated. Prefer using `push Not` instead.
If you'd rather continue using `push_neg` in your project, you can implement it as follows:
```
open Lean.Parser.Tactic in
macro "push_neg" cfg:optConfig loc:(location)? : tactic =>
  `(tactic| push $cfg:optConfig Not $[$loc]?)
```
warning: KsumAudit/ObstructionsBlock.lean:317:8: `push_neg` has been deprecated. Prefer using `push Not` instead.
If you'd rather continue using `push_neg` in your project, you can implement it as follows:
```
open Lean.Parser.Tactic in
macro "push_neg" cfg:optConfig loc:(location)? : tactic =>
  `(tactic| push $cfg:optConfig Not $[$loc]?)
```
warning: KsumAudit/ObstructionsBlock.lean:475:64: Variable name `h₁` is not explicitly referenced.

The binding can be removed (if unused) or named `_` (if used implicitly).

Note: This linter can be disabled with `set_option linter.unusedVariables false`
warning: KsumAudit/ObstructionsBlock.lean:564:8: This simp argument is unused:
  Finset.disjoint_singleton

Hint: Omit it from the simp argument list.
  simp [F̵i̵n̵s̵e̵t̵.̵d̵i̵s̵j̵o̵i̵n̵t̵_̵s̵i̵n̵g̵l̵e̵t̵o̵n̵,̵ ̵hjk]

Note: This linter can be disabled with `set_option linter.unusedSimpArgs false`
info: KsumAudit/ObstructionsBlock.lean:568:0: 'KsumAudit.Obstructions.Block.block_obstruction_corr' depends on axioms: [propext, Classical.choice, Quot.sound]
info: KsumAudit/ObstructionsBlock.lean:569:0: 'KsumAudit.Obstructions.Block.block_obstruction_bound' depends on axioms: [propext, Classical.choice, Quot.sound]
info: KsumAudit/ObstructionsBlock.lean:570:0: 'KsumAudit.Obstructions.Block.block_obstruction_band' depends on axioms: [propext, Classical.choice, Quot.sound]
info: KsumAudit/ObstructionsBlock.lean:571:0: 'KsumAudit.Obstructions.Block.rho_le_four_fifths' depends on axioms: [propext, Classical.choice, Quot.sound]
info: KsumAudit/ObstructionsBlock.lean:572:0: 'KsumAudit.Obstructions.Block.two_block_corr_lt_two_thirds' depends on axioms: [propext, Classical.choice, Quot.sound]
info: KsumAudit/ObstructionsBlock.lean:573:0: 'KsumAudit.Obstructions.Block.value_budget' depends on axioms: [propext, Classical.choice, Quot.sound]
info: KsumAudit/ObstructionsBlock.lean:574:0: 'KsumAudit.Obstructions.Block.value_budget_equal' depends on axioms: [propext, Classical.choice, Quot.sound]
info: KsumAudit/ObstructionsBlock.lean:575:0: 'KsumAudit.Obstructions.Block.block_count_bounded_by_q' depends on axioms: [propext, Classical.choice, Quot.sound]
ℹ [3001/3009] Replayed KsumAudit.ObstructionsOrientation
info: KsumAudit/ObstructionsOrientation.lean:164:0: 'KsumAudit.Obstructions.Orientation.card_coherent' depends on axioms: [propext, Classical.choice, Quot.sound]
info: KsumAudit/ObstructionsOrientation.lean:165:0: 'KsumAudit.Obstructions.Orientation.orientation_coherence_factor' depends on axioms: [propext,
 Classical.choice,
 Quot.sound]
info: KsumAudit/ObstructionsOrientation.lean:166:0: 'KsumAudit.Obstructions.Orientation.orientation_counts' depends on axioms: [propext, Classical.choice, Quot.sound]
info: KsumAudit/ObstructionsOrientation.lean:167:0: 'KsumAudit.Obstructions.Orientation.orientation_bound_even' depends on axioms: [propext, Classical.choice, Quot.sound]
info: KsumAudit/ObstructionsOrientation.lean:168:0: 'KsumAudit.Obstructions.Orientation.orientation_bound_odd_sq' depends on axioms: [propext, Classical.choice, Quot.sound]
info: KsumAudit/ObstructionsOrientation.lean:169:0: 'KsumAudit.Obstructions.Orientation.orientation_obstruction_half' depends on axioms: [propext,
 Classical.choice,
 Quot.sound]
⚠ [3002/3009] Replayed KsumAudit.ObstructionsTransfer
warning: KsumAudit/ObstructionsTransfer.lean:201:6: This simp argument is unused:
  Matrix.one_apply

Hint: Omit it from the simp argument list.
  simp [Matrix.mul_apply, Fin.sum_univ_two,̵
  ̵ ̵ ̵ ̵ ̵ ̵ ̵M̵a̵t̵r̵i̵x̵.̵o̵n̵e̵_̵a̵p̵p̵l̵y̵]

Note: This linter can be disabled with `set_option linter.unusedSimpArgs false`
warning: KsumAudit/ObstructionsTransfer.lean:213:4: This simp argument is unused:
  Matrix.one_apply

Hint: Omit it from the simp argument list.
  simp [Matrix.mul_apply, Fin.sum_univ_two,̵
  ̵ ̵ ̵ ̵ ̵M̵a̵t̵r̵i̵x̵.̵o̵n̵e̵_̵a̵p̵p̵l̵y̵]

Note: This linter can be disabled with `set_option linter.unusedSimpArgs false`
warning: KsumAudit/ObstructionsTransfer.lean:219:35: This simp argument is unused:
  Fin.sum_univ_two

Hint: Omit it from the simp argument list.
  simp [Matrix.trace, Matrix.diag, F̵i̵n̵.̵s̵u̵m̵_̵u̵n̵i̵v̵_̵t̵w̵o̵,̵ ̵Matrix.one_apply]

Note: This linter can be disabled with `set_option linter.unusedSimpArgs false`
warning: KsumAudit/ObstructionsTransfer.lean:219:53: This simp argument is unused:
  Matrix.one_apply

Hint: Omit it from the simp argument list.
  simp [Matrix.trace, Matrix.diag, Fin.sum_univ_two,̵ ̵M̵a̵t̵r̵i̵x̵.̵o̵n̵e̵_̵a̵p̵p̵l̵y̵]

Note: This linter can be disabled with `set_option linter.unusedSimpArgs false`
info: KsumAudit/ObstructionsTransfer.lean:223:0: 'KsumAudit.Obstructions.Transfer.gauge_term' depends on axioms: [propext, Classical.choice, Quot.sound]
info: KsumAudit/ObstructionsTransfer.lean:224:0: 'KsumAudit.Obstructions.Transfer.gauge_sum' depends on axioms: [propext, Classical.choice, Quot.sound]
info: KsumAudit/ObstructionsTransfer.lean:225:0: 'KsumAudit.Obstructions.Transfer.reynolds_univ_comp' depends on axioms: [propext, Classical.choice, Quot.sound]
info: KsumAudit/ObstructionsTransfer.lean:226:0: 'KsumAudit.Obstructions.Transfer.transfer_G2' depends on axioms: [propext, Classical.choice, Quot.sound]
info: KsumAudit/ObstructionsTransfer.lean:227:0: 'KsumAudit.Obstructions.Transfer.reynoldsFn_sum' depends on axioms: [propext, Classical.choice, Quot.sound]
info: KsumAudit/ObstructionsTransfer.lean:228:0: 'KsumAudit.Obstructions.Transfer.reynoldsFn_invariant' depends on axioms: [propext, Classical.choice, Quot.sound]
info: KsumAudit/ObstructionsTransfer.lean:229:0: 'KsumAudit.Obstructions.Transfer.transfer_G3' depends on axioms: [propext, Classical.choice, Quot.sound]
⚠ [3003/3009] Replayed KsumAudit.ObstructionsBandMult
warning: KsumAudit/ObstructionsBandMult.lean:195:34: This simp argument is unused:
  Fin.prod_univ_one

Hint: Omit it from the simp argument list.
  simp [moment, Fin.sum_univ_two, F̵i̵n̵.̵p̵r̵o̵d̵_̵u̵n̵i̵v̵_̵o̵n̵e̵,̵ ̵h0, wOcc, wMu]

Note: This linter can be disabled with `set_option linter.unusedSimpArgs false`
warning: KsumAudit/ObstructionsBandMult.lean:200:34: This simp argument is unused:
  Fin.prod_univ_one

Hint: Omit it from the simp argument list.
  simp [moment, Fin.sum_univ_two, F̵i̵n̵.̵p̵r̵o̵d̵_̵u̵n̵i̵v̵_̵o̵n̵e̵,̵ ̵wOcc, wMu]

Note: This linter can be disabled with `set_option linter.unusedSimpArgs false`
info: KsumAudit/ObstructionsBandMult.lean:212:0: 'KsumAudit.Obstructions.BandMult.descFactorial_add' depends on axioms: [propext, Classical.choice, Quot.sound]
info: KsumAudit/ObstructionsBandMult.lean:213:0: 'KsumAudit.Obstructions.BandMult.band_add' depends on axioms: [propext, Classical.choice, Quot.sound]
info: KsumAudit/ObstructionsBandMult.lean:214:0: 'KsumAudit.Obstructions.BandMult.band_add_three' depends on axioms: [propext, Classical.choice, Quot.sound]
info: KsumAudit/ObstructionsBandMult.lean:215:0: 'KsumAudit.Obstructions.BandMult.moment_const_mul' depends on axioms: [propext, Classical.choice, Quot.sound]
info: KsumAudit/ObstructionsBandMult.lean:216:0: 'KsumAudit.Obstructions.BandMult.band_preserved_by_scaling' depends on axioms: [propext, Classical.choice, Quot.sound]
ℹ [3004/3009] Replayed KsumAudit.ObstructionsTiltedBand
info: KsumAudit/ObstructionsTiltedBand.lean:90:0: 'KsumAudit.Obstructions.TiltedBand.one_sub_sum_le_prod_one_sub' depends on axioms: [propext,
 Classical.choice,
 Quot.sound]
info: KsumAudit/ObstructionsTiltedBand.lean:91:0: 'KsumAudit.Obstructions.TiltedBand.tilt_corr_lower_bound' depends on axioms: [propext, Classical.choice, Quot.sound]
info: KsumAudit/ObstructionsTiltedBand.lean:92:0: 'KsumAudit.Obstructions.TiltedBand.tilt_gap' depends on axioms: [propext, Classical.choice, Quot.sound]
info: KsumAudit/ObstructionsTiltedBand.lean:93:0: 'KsumAudit.Obstructions.TiltedBand.tilt_corr_gt_three_quarters' depends on axioms: [propext,
 Classical.choice,
 Quot.sound]
ℹ [3008/3009] Built KSUM.Trust (25s)
info: KSUM/Trust.lean:93:0: 'KSUM.Support.frozen' does not depend on any axioms
info: KSUM/Trust.lean:94:0: 'KSUM.Support.append_nil' depends on axioms: [propext, Quot.sound]
info: KSUM/Trust.lean:95:0: 'KSUM.Support.frozen_eq_append' depends on axioms: [propext, Quot.sound]
info: KSUM/Trust.lean:96:0: 'KSUM.Support.Q_frozen_le' depends on axioms: [propext, Classical.choice, Quot.sound]
info: KSUM/Trust.lean:97:0: 'KSUM.Support.blockPos' depends on axioms: [propext, Quot.sound]
info: KSUM/Trust.lean:98:0: 'KSUM.Support.Coll' depends on axioms: [propext, Quot.sound]
info: KSUM/Trust.lean:99:0: 'KSUM.Support.EmbedData.q_pos' depends on axioms: [propext]
info: KSUM/Trust.lean:100:0: 'KSUM.Support.EmbedData.encodeInst' depends on axioms: [propext]
info: KSUM/Trust.lean:103:0: 'KSUM.A1a.Claim' depends on axioms: [propext, Classical.choice, Quot.sound]
info: KSUM/Trust.lean:104:0: 'KSUM.A1a.frozen_form' depends on axioms: [propext, Classical.choice, Quot.sound]
info: KSUM/Trust.lean:105:0: 'KSUM.A1b.Claim' depends on axioms: [propext, Classical.choice, Quot.sound]
info: KSUM/Trust.lean:106:0: 'KSUM.A1b.holds' depends on axioms: [propext, Classical.choice, Quot.sound]
info: KSUM/Trust.lean:107:0: 'KSUM.A1c.kSum_translate' depends on axioms: [propext, Classical.choice, Quot.sound]
info: KSUM/Trust.lean:108:0: 'KSUM.A1c.Claim' depends on axioms: [propext, Classical.choice, Quot.sound]
info: KSUM/Trust.lean:109:0: 'KSUM.A1d.Claim' depends on axioms: [propext, Classical.choice, Quot.sound]
info: KSUM/Trust.lean:110:0: 'KSUM.A1.Claim' depends on axioms: [propext, Classical.choice, Quot.sound]
info: KSUM/Trust.lean:111:0: 'KSUM.A1.composition' depends on axioms: [propext, Classical.choice, Quot.sound]
info: KSUM/Trust.lean:114:0: 'KSUM.A2a.Claim' depends on axioms: [propext, Classical.choice, Quot.sound]
info: KSUM/Trust.lean:115:0: 'KSUM.A2b.Claim' depends on axioms: [propext, Classical.choice, Quot.sound]
info: KSUM/Trust.lean:116:0: 'KSUM.A2.coprime_k_succ_of_dvd' depends on axioms: [propext, Classical.choice, Quot.sound]
info: KSUM/Trust.lean:117:0: 'KSUM.A2.coprime_k_MvSucc' depends on axioms: [propext, Classical.choice, Quot.sound]
info: KSUM/Trust.lean:118:0: 'KSUM.A2.coprime_k_q' depends on axioms: [propext, Classical.choice, Quot.sound]
info: KSUM/Trust.lean:119:0: 'KSUM.A2.nsmul_surjective' depends on axioms: [propext, Classical.choice, Quot.sound]
info: KSUM/Trust.lean:120:0: 'KSUM.A2.Claim' depends on axioms: [propext, Classical.choice, Quot.sound]
info: KSUM/Trust.lean:121:0: 'KSUM.A2.composition' depends on axioms: [propext, Classical.choice, Quot.sound]
info: KSUM/Trust.lean:124:0: 'KSUM.B2.DonorClaim' depends on axioms: [propext, Classical.choice, Quot.sound]
info: KSUM/Trust.lean:125:0: 'KSUM.B2.Claim' depends on axioms: [propext, Classical.choice, Quot.sound]
info: KSUM/Trust.lean:126:0: 'KSUM.B2.composition' depends on axioms: [propext, Classical.choice, Quot.sound]
info: KSUM/Trust.lean:127:0: 'KSUM.B2.composition_with_donor' depends on axioms: [propext, Classical.choice, Quot.sound]
info: KSUM/Trust.lean:128:0: 'KSUM.B4a.Claim' depends on axioms: [propext, Classical.choice, Quot.sound]
info: KSUM/Trust.lean:129:0: 'KSUM.B4.B4bClaim' depends on axioms: [propext, Classical.choice, Quot.sound]
info: KSUM/Trust.lean:130:0: 'KSUM.B4.Claim' depends on axioms: [propext, Classical.choice, Quot.sound]
info: KSUM/Trust.lean:131:0: 'KSUM.B4.composition' depends on axioms: [propext, Classical.choice, Quot.sound]
Build completed successfully (3009 jobs).
BUILD_RESULT: exit=0
