START 2026-07-19T18:51:53.702Z\nCOMMAND <machine-local-path-redacted>
  "arithmetic": "exact rational (SymPy simplex)",
  "decision": "POSITIVE",
  "error": "1/3",
  "function_encoding": "-1 for NO, +1 for YES",
  "joint_symmetry": "S_N x C(sigma) (complement-paired occupancy histogram)",
  "moment_basis": "falling-factorial occupancy monomials of total degree < d",
  "or_restriction_baselines": [
    {
      "bands": [
        {
          "certifies_error_one_third": true,
          "degree": 1,
          "optimum_exact": "1",
          "optimum_float": 1.0
        },
        {
          "certifies_error_one_third": true,
          "degree": 2,
          "optimum_exact": "1/2",
          "optimum_float": 0.5
        }
      ],
      "max_certified_degree_error_one_third": 2,
      "size": 2
    },
    {
      "bands": [
        {
          "certifies_error_one_third": true,
          "degree": 1,
          "optimum_exact": "1",
          "optimum_float": 1.0
        },
        {
          "certifies_error_one_third": true,
          "degree": 2,
          "optimum_exact": "2/3",
          "optimum_float": 0.6666666666666666
        },
        {
          "certifies_error_one_third": false,
          "degree": 3,
          "optimum_exact": "1/4",
          "optimum_float": 0.25
        }
      ],
      "max_certified_degree_error_one_third": 2,
      "size": 3
    },
    {
      "bands": [
        {
          "certifies_error_one_third": true,
          "degree": 1,
          "optimum_exact": "1",
          "optimum_float": 1.0
        },
        {
          "certifies_error_one_third": true,
          "degree": 2,
          "optimum_exact": "3/4",
          "optimum_float": 0.75
        },
        {
          "certifies_error_one_third": false,
          "degree": 3,
          "optimum_exact": "1/3",
          "optimum_float": 0.3333333333333333
        },
        {
          "certifies_error_one_third": false,
          "degree": 4,
          "optimum_exact": "1/8",
          "optimum_float": 0.125
        }
      ],
      "max_certified_degree_error_one_third": 2,
      "size": 4
    }
  ],
  "results": [
    {
      "case": [
        3,
        3,
        0
      ],
      "joint_dominates_all_degrees": true,
      "joint_strictly_better_degrees": [
        1,
        2,
        3
      ],
      "modes": {
        "joint": {
          "bands": [
            {
              "centralizer_order": 2,
              "certifies_error_one_third": true,
              "class_count": 6,
              "degree": 1,
              "mode": "joint",
              "moment_rank": 1,
              "negative_classes": 1,
              "nonzero_weights": [
                {
                  "class_index": 0,
                  "weight": "-1/2"
                },
                {
                  "class_index": 1,
                  "weight": "1/2"
                }
              ],
              "optimum_exact": "1",
              "optimum_float": 1.0,
              "positive_classes": 1,
              "raw_moment_rows": 1,
              "unique_moment_rows": 1,
              "witness_l1_exact": "1"
            },
            {
              "centralizer_order": 2,
              "certifies_error_one_third": true,
              "class_count": 6,
              "degree": 2,
              "mode": "joint",
              "moment_rank": 2,
              "negative_classes": 1,
              "nonzero_weights": [
                {
                  "class_index": 0,
                  "weight": "-1/2"
                },
                {
                  "class_index": 1,
                  "weight": "1/2"
                }
              ],
              "optimum_exact": "1",
              "optimum_float": 1.0,
              "positive_classes": 1,
              "raw_moment_rows": 4,
              "unique_moment_rows": 3,
              "witness_l1_exact": "1"
            },
            {
              "centralizer_order": 2,
              "certifies_error_one_third": true,
              "class_count": 6,
              "degree": 3,
              "mode": "joint",
              "moment_rank": 4,
              "negative_classes": 2,
              "nonzero_weights": [
                {
                  "class_index": 0,
                  "weight": "1/8"
                },
                {
                  "class_index": 2,
                  "weight": "-3/8"
                },
                {
                  "class_index": 4,
                  "weight": "3/8"
                },
                {
                  "class_index": 5,
                  "weight": "-1/8"
                }
              ],
              "optimum_exact": "1/2",
              "optimum_float": 0.5,
              "positive_classes": 2,
              "raw_moment_rows": 10,
              "unique_moment_rows": 7,
              "witness_l1_exact": "1"
            }
          ],
          "max_certified_degree_error_one_third": 3
        },
        "single": {
          "bands": [
            {
              "centralizer_order": 2,
              "certifies_error_one_third": true,
              "class_count": 3,
              "degree": 1,
              "mode": "single",
              "moment_rank": 1,
              "negative_classes": 1,
              "nonzero_weights": [
                {
                  "class_index": 0,
                  "weight": "1/2"
                },
                {
                  "class_index": 2,
                  "weight": "-1/2"
                }
              ],
              "optimum_exact": "2/3",
              "optimum_float": 0.6666666666666666,
              "positive_classes": 1,
              "raw_moment_rows": 1,
              "unique_moment_rows": 1,
              "witness_l1_exact": "1"
            },
            {
              "centralizer_order": 2,
              "certifies_error_one_third": true,
              "class_count": 3,
              "degree": 2,
              "mode": "single",
              "moment_rank": 1,
              "negative_classes": 1,
              "nonzero_weights": [
                {
                  "class_index": 0,
                  "weight": "1/2"
                },
                {
                  "class_index": 2,
                  "weight": "-1/2"
                }
              ],
              "optimum_exact": "2/3",
              "optimum_float": 0.6666666666666666,
              "positive_classes": 1,
              "raw_moment_rows": 4,
              "unique_moment_rows": 1,
              "witness_l1_exact": "1"
            },
            {
              "centralizer_order": 2,
              "certifies_error_one_third": false,
              "class_count": 3,
              "degree": 3,
              "mode": "single",
              "moment_rank": 2,
              "negative_classes": 1,
              "nonzero_weights": [
                {
                  "class_index": 0,
                  "weight": "1/3"
                },
                {
                  "class_index": 1,
                  "weight": "-1/2"
                },
                {
                  "class_index": 2,
                  "weight": "1/6"
                }
              ],
              "optimum_exact": "1/9",
              "optimum_float": 0.1111111111111111,
              "positive_classes": 2,
              "raw_moment_rows": 10,
              "unique_moment_rows": 3,
              "witness_l1_exact": "1"
            }
          ],
          "max_certified_degree_error_one_third": 2
        }
      }
    },
    {
      "case": [
        4,
        3,
        0
      ],
      "joint_dominates_all_degrees": true,
      "joint_strictly_better_degrees": [
        1,
        2,
        3,
        4
      ],
      "modes": {
        "joint": {
          "bands": [
            {
              "centralizer_order": 2,
              "certifies_error_one_third": true,
              "class_count": 9,
              "degree": 1,
              "mode": "joint",
              "moment_rank": 1,
              "negative_classes": 1,
              "nonzero_weights": [
                {
                  "class_index": 0,
                  "weight": "-1/2"
                },
                {
                  "class_index": 1,
                  "weight": "1/2"
                }
              ],
              "optimum_exact": "1",
              "optimum_float": 1.0,
              "positive_classes": 1,
              "raw_moment_rows": 1,
              "unique_moment_rows": 1,
              "witness_l1_exact": "1"
            },
            {
              "centralizer_order": 2,
              "certifies_error_one_third": true,
              "class_count": 9,
              "degree": 2,
              "mode": "joint",
              "moment_rank": 2,
              "negative_classes": 1,
              "nonzero_weights": [
                {
                  "class_index": 0,
                  "weight": "-1/2"
                },
                {
                  "class_index": 1,
                  "weight": "1/2"
                }
              ],
              "optimum_exact": "1",
              "optimum_float": 1.0,
              "positive_classes": 1,
              "raw_moment_rows": 4,
              "unique_moment_rows": 3,
              "witness_l1_exact": "1"
            },
            {
              "centralizer_order": 2,
              "certifies_error_one_third": true,
              "class_count": 9,
              "degree": 3,
              "mode": "joint",
              "moment_rank": 4,
              "negative_classes": 2,
              "nonzero_weights": [
                {
                  "class_index": 0,
                  "weight": "1/6"
                },
                {
                  "class_index": 3,
                  "weight": "-4/9"
                },
                {
                  "class_index": 5,
                  "weight": "1/3"
                },
                {
                  "class_index": 8,
                  "weight": "-1/18"
                }
              ],
              "optimum_exact": "5/9",
              "optimum_float": 0.5555555555555556,
              "positive_classes": 2,
              "raw_moment_rows": 10,
              "unique_moment_rows": 7,
              "witness_l1_exact": "1"
            },
            {
              "centralizer_order": 2,
              "certifies_error_one_third": true,
              "class_count": 9,
              "degree": 4,
              "mode": "joint",
              "moment_rank": 6,
              "negative_classes": 2,
              "nonzero_weights": [
                {
                  "class_index": 0,
                  "weight": "1/16"
                },
                {
                  "class_index": 3,
                  "weight": "-1/4"
                },
                {
                  "class_index": 5,
                  "weight": "3/8"
                },
                {
                  "class_index": 7,
                  "weight": "-1/4"
                },
                {
                  "class_index": 8,
                  "weight": "1/16"
                }
              ],
              "optimum_exact": "3/8",
              "optimum_float": 0.375,
              "positive_classes": 3,
              "raw_moment_rows": 20,
              "unique_moment_rows": 13,
              "witness_l1_exact": "1"
            }
          ],
          "max_certified_degree_error_one_third": 4
        },
        "single": {
          "bands": [
            {
              "centralizer_order": 2,
              "certifies_error_one_third": true,
              "class_count": 4,
              "degree": 1,
              "mode": "single",
              "moment_rank": 1,
              "negative_classes": 1,
              "nonzero_weights": [
                {
                  "class_index": 0,
                  "weight": "1/2"
                },
                {
                  "class_index": 3,
                  "weight": "-1/2"
                }
              ],
              "optimum_exact": "2/3",
              "optimum_float": 0.6666666666666666,
              "positive_classes": 1,
              "raw_moment_rows": 1,
              "unique_moment_rows": 1,
              "witness_l1_exact": "1"
            },
            {
              "centralizer_order": 2,
              "certifies_error_one_third": true,
              "class_count": 4,
              "degree": 2,
              "mode": "single",
              "moment_rank": 1,
              "negative_classes": 1,
              "nonzero_weights": [
                {
                  "class_index": 0,
                  "weight": "1/2"
                },
                {
                  "class_index": 3,
                  "weight": "-1/2"
                }
              ],
              "optimum_exact": "2/3",
              "optimum_float": 0.6666666666666666,
              "positive_classes": 1,
              "raw_moment_rows": 4,
              "unique_moment_rows": 2,
              "witness_l1_exact": "1"
            },
            {
              "centralizer_order": 2,
              "certifies_error_one_third": false,
              "class_count": 4,
              "degree": 3,
              "mode": "single",
              "moment_rank": 2,
              "negative_classes": 2,
              "nonzero_weights": [
                {
                  "class_index": 0,
                  "weight": "-1/4"
                },
                {
                  "class_index": 1,
                  "weight": "1/2"
                },
                {
                  "class_index": 2,
                  "weight": "-1/4"
                }
              ],
              "optimum_exact": "1/6",
              "optimum_float": 0.16666666666666666,
              "positive_classes": 1,
              "raw_moment_rows": 10,
              "unique_moment_rows": 4,
              "witness_l1_exact": "1"
            },
            {
              "centralizer_order": 2,
              "certifies_error_one_third": false,
              "class_count": 4,
              "degree": 4,
              "mode": "single",
              "moment_rank": 3,
              "negative_classes": 1,
              "nonzero_weights": [
                {
                  "class_index": 1,
                  "weight": "3/8"
                },
                {
                  "class_index": 2,
                  "weight": "-1/2"
                },
                {
                  "class_index": 3,
                  "weight": "1/8"
                }
              ],
              "optimum_exact": "1/6",
              "optimum_float": 0.16666666666666666,
              "positive_classes": 2,
              "raw_moment_rows": 20,
              "unique_moment_rows": 7,
              "witness_l1_exact": "1"
            }
          ],
          "max_certified_degree_error_one_third": 2
        }
      }
    },
    {
      "case": [
        5,
        4,
        1
      ],
      "joint_dominates_all_degrees": true,
      "joint_strictly_better_degrees": [
        3,
        4
      ],
      "modes": {
        "joint": {
          "bands": [
            {
              "centralizer_order": 8,
              "certifies_error_one_third": true,
              "class_count": 10,
              "degree": 1,
              "mode": "joint",
              "moment_rank": 1,
              "negative_classes": 1,
              "nonzero_weights": [
                {
                  "class_index": 0,
                  "weight": "-1/2"
                },
                {
                  "class_index": 1,
                  "weight": "1/2"
                }
              ],
              "optimum_exact": "1",
              "optimum_float": 1.0,
              "positive_classes": 1,
              "raw_moment_rows": 1,
              "unique_moment_rows": 1,
              "witness_l1_exact": "1"
            },
            {
              "centralizer_order": 8,
              "certifies_error_one_third": true,
              "class_count": 10,
              "degree": 2,
              "mode": "joint",
              "moment_rank": 1,
              "negative_classes": 1,
              "nonzero_weights": [
                {
                  "class_index": 0,
                  "weight": "-1/2"
                },
                {
                  "class_index": 1,
                  "weight": "1/2"
                }
              ],
              "optimum_exact": "1",
              "optimum_float": 1.0,
              "positive_classes": 1,
              "raw_moment_rows": 5,
              "unique_moment_rows": 2,
              "witness_l1_exact": "1"
            },
            {
              "centralizer_order": 8,
              "certifies_error_one_third": true,
              "class_count": 10,
              "degree": 3,
              "mode": "joint",
              "moment_rank": 3,
              "negative_classes": 2,
              "nonzero_weights": [
                {
                  "class_index": 0,
                  "weight": "1/14"
                },
                {
                  "class_index": 2,
                  "weight": "-1/14"
                },
                {
                  "class_index": 6,
                  "weight": "-3/7"
                },
                {
                  "class_index": 8,
                  "weight": "3/7"
                }
              ],
              "optimum_exact": "5/7",
              "optimum_float": 0.7142857142857143,
              "positive_classes": 2,
              "raw_moment_rows": 15,
              "unique_moment_rows": 5,
              "witness_l1_exact": "1"
            },
            {
              "centralizer_order": 8,
              "certifies_error_one_third": true,
              "class_count": 10,
              "degree": 4,
              "mode": "joint",
              "moment_rank": 4,
              "negative_classes": 3,
              "nonzero_weights": [
                {
                  "class_index": 0,
                  "weight": "-1/30"
                },
                {
                  "class_index": 1,
                  "weight": "1/30"
                },
                {
                  "class_index": 6,
                  "weight": "-4/15"
                },
                {
                  "class_index": 8,
                  "weight": "7/15"
                },
                {
                  "class_index": 9,
                  "weight": "-1/5"
                }
              ],
              "optimum_exact": "3/5",
              "optimum_float": 0.6,
              "positive_classes": 2,
              "raw_moment_rows": 35,
              "unique_moment_rows": 9,
              "witness_l1_exact": "1"
            },
            {
              "centralizer_order": 8,
              "certifies_error_one_third": false,
              "class_count": 10,
              "degree": 5,
              "mode": "joint",
              "moment_rank": 8,
              "negative_classes": 3,
              "nonzero_weights": [
                {
                  "class_index": 0,
                  "weight": "1/22"
                },
                {
                  "class_index": 1,
                  "weight": "-3/22"
                },
                {
                  "class_index": 2,
                  "weight": "1/11"
                },
                {
                  "class_index": 3,
                  "weight": "-1/11"
                },
                {
                  "class_index": 4,
                  "weight": "4/11"
                },
                {
                  "class_index": 5,
                  "weight": "-3/11"
                }
              ],
              "optimum_exact": "1/11",
              "optimum_float": 0.09090909090909091,
              "positive_classes": 3,
              "raw_moment_rows": 70,
              "unique_moment_rows": 17,
              "witness_l1_exact": "1"
            }
          ],
          "max_certified_degree_error_one_third": 4
        },
        "single": {
          "bands": [
            {
              "centralizer_order": 8,
              "certifies_error_one_third": true,
              "class_count": 6,
              "degree": 1,
              "mode": "single",
              "moment_rank": 1,
              "negative_classes": 1,
              "nonzero_weights": [
                {
                  "class_index": 0,
                  "weight": "1/2"
                },
                {
                  "class_index": 5,
                  "weight": "-1/2"
                }
              ],
              "optimum_exact": "1",
              "optimum_float": 1.0,
              "positive_classes": 1,
              "raw_moment_rows": 1,
              "unique_moment_rows": 1,
              "witness_l1_exact": "1"
            },
            {
              "centralizer_order": 8,
              "certifies_error_one_third": true,
              "class_count": 6,
              "degree": 2,
              "mode": "single",
              "moment_rank": 1,
              "negative_classes": 1,
              "nonzero_weights": [
                {
                  "class_index": 0,
                  "weight": "1/2"
                },
                {
                  "class_index": 5,
                  "weight": "-1/2"
                }
              ],
              "optimum_exact": "1",
              "optimum_float": 1.0,
              "positive_classes": 1,
              "raw_moment_rows": 5,
              "unique_moment_rows": 2,
              "witness_l1_exact": "1"
            },
            {
              "centralizer_order": 8,
              "certifies_error_one_third": true,
              "class_count": 6,
              "degree": 3,
              "mode": "single",
              "moment_rank": 2,
              "negative_classes": 1,
              "nonzero_weights": [
                {
                  "class_index": 2,
                  "weight": "3/7"
                },
                {
                  "class_index": 3,
                  "weight": "-1/2"
                },
                {
                  "class_index": 5,
                  "weight": "1/14"
                }
              ],
              "optimum_exact": "11/21",
              "optimum_float": 0.5238095238095238,
              "positive_classes": 2,
              "raw_moment_rows": 15,
              "unique_moment_rows": 4,
              "witness_l1_exact": "1"
            },
            {
              "centralizer_order": 8,
              "certifies_error_one_third": true,
              "class_count": 6,
              "degree": 4,
              "mode": "single",
              "moment_rank": 3,
              "negative_classes": 3,
              "nonzero_weights": [
                {
                  "class_index": 0,
                  "weight": "-3/14"
                },
                {
                  "class_index": 2,
                  "weight": "1/2"
                },
                {
                  "class_index": 3,
                  "weight": "-11/42"
                },
                {
                  "class_index": 5,
                  "weight": "-1/42"
                }
              ],
              "optimum_exact": "25/63",
              "optimum_float": 0.3968253968253968,
              "positive_classes": 1,
              "raw_moment_rows": 35,
              "unique_moment_rows": 7,
              "witness_l1_exact": "1"
            },
            {
              "centralizer_order": 8,
              "certifies_error_one_third": false,
              "class_count": 6,
              "degree": 5,
              "mode": "single",
              "moment_rank": 5,
              "negative_classes": 2,
              "nonzero_weights": [
                {
                  "class_index": 1,
                  "weight": "-3/11"
                },
                {
                  "class_index": 2,
                  "weight": "4/11"
                },
                {
                  "class_index": 3,
                  "weight": "1/11"
                },
                {
                  "class_index": 4,
                  "weight": "-5/22"
                },
                {
                  "class_index": 5,
                  "weight": "1/22"
                }
              ],
              "optimum_exact": "1/11",
              "optimum_float": 0.09090909090909091,
              "positive_classes": 3,
              "raw_moment_rows": 70,
              "unique_moment_rows": 12,
              "witness_l1_exact": "1"
            }
          ],
          "max_certified_degree_error_one_third": 4
        }
      }
    }
  ],
  "second_gate_positive": true,
  "single_symmetry": "S_N x S_q (ordinary occupancy histogram)"
}
\nSTDERR\n