============================================================================================
MATCHED-DEGREE LEGALITY LEMMA   ||R_m . Pi^{wt=k} . Pi^alph_{(q-k,theta)}||^2 <= r_top(q,k,theta)
============================================================================================

  q=6  m=6   (q)_m=720
  k      theta      ||R_m P||^2      r_top(q,k,th)    ratio            verdict 
  0      ()         1.0000000000     1.0000000000     1.0000000000     EQ      
  1      (1,)       1.2000000000     1.2000000000     1.0000000000     EQ      
  2      (2,)       2.0000000000     2.0000000000     1.0000000000     EQ      
  2      (1, 1)     1.8000000000     1.8000000000     1.0000000000     EQ      
  3      (3,)       7.2000000000     7.2000000000     1.0000000000     EQ      
  3      (2, 1)     4.5000000000     4.5000000000     1.0000000000     EQ      
  3      (1, 1, 1)  3.6000000000     3.6000000000     1.0000000000     EQ      
  4      (2, 2)     21.6000000000    21.6000000000    1.0000000000     EQ      

  q=6  m=3   (q)_m=120
  k      theta      ||R_m P||^2      r_top(q,k,th)    ratio            verdict 
  0      ()         1.0000000000     1.0000000000     1.0000000000     EQ      
  1      (1,)       1.2000000000     1.2000000000     1.0000000000     EQ      
  2      (2,)       1.5000000000     2.0000000000     0.7500000000     <=      
  2      (1, 1)     1.8000000000     1.8000000000     1.0000000000     EQ      
  3      (3,)       1.8000000000     7.2000000000     0.2500000000     <=      
  3      (2, 1)     1.8000000000     4.5000000000     0.4000000000     <=      
  3      (1, 1, 1)  1.8000000000     3.6000000000     0.5000000000     <=      

  q=6  m=4   (q)_m=360
  k      theta      ||R_m P||^2      r_top(q,k,th)    ratio            verdict 
  0      ()         1.0000000000     1.0000000000     1.0000000000     EQ      
  1      (1,)       1.2000000000     1.2000000000     1.0000000000     EQ      
  2      (2,)       2.0000000000     2.0000000000     1.0000000000     EQ      
  2      (1, 1)     1.8000000000     1.8000000000     1.0000000000     EQ      
  3      (3,)       2.4000000000     7.2000000000     0.3333333333     <=      
  3      (2, 1)     3.0000000000     4.5000000000     0.6666666667     <=      
  3      (1, 1, 1)  3.6000000000     3.6000000000     1.0000000000     EQ      
  4      (2, 2)     3.6000000000     21.6000000000    0.1666666667     <=      

  q=5  m=5   (q)_m=120
  k      theta      ||R_m P||^2      r_top(q,k,th)    ratio            verdict 
  0      ()         1.0000000000     1.0000000000     1.0000000000     EQ      
  1      (1,)       1.2500000000     1.2500000000     1.0000000000     EQ      
  2      (2,)       2.5000000000     2.5000000000     1.0000000000     EQ      
  2      (1, 1)     2.0833333333     2.0833333333     1.0000000000     EQ      
  3      (2, 1)     8.3333333333     8.3333333333     1.0000000000     EQ      

  q=5  m=3   (q)_m=60
  k      theta      ||R_m P||^2      r_top(q,k,th)    ratio            verdict 
  0      ()         1.0000000000     1.0000000000     1.0000000000     EQ      
  1      (1,)       1.2500000000     1.2500000000     1.0000000000     EQ      
  2      (2,)       1.6666666667     2.5000000000     0.6666666667     <=      
  2      (1, 1)     2.0833333333     2.0833333333     1.0000000000     EQ      
  3      (2, 1)     2.0833333333     8.3333333333     0.2500000000     <=      

  q=7  m=3   (q)_m=210
  k      theta      ||R_m P||^2      r_top(q,k,th)    ratio            verdict 
  0      ()         1.0000000000     1.0000000000     1.0000000000     EQ      
  1      (1,)       1.1666666667     1.1666666667     1.0000000000     EQ      
  2      (2,)       1.4000000000     1.7500000000     0.8000000000     <=      
  2      (1, 1)     1.6333333333     1.6333333333     1.0000000000     EQ      
  3      (3,)       1.6333333333     4.0833333333     0.4000000000     <=      
  3      (2, 1)     1.6333333333     3.2666666667     0.5000000000     <=      
  3      (1, 1, 1)  1.6333333333     2.8583333333     0.5714285714     <=      

DONE
