HIGH_ACCURACY_DIAGNOSTIC solver=MOSEK (not production SCS)

===== n=3 q=3 t=0 =====
INSTANCE n=3 q=3 t=0 inputs=27 yes=19 no=8 tau=1 |C(sigma)|=2
RUNTIME python=<machine-local-path-redacted> version=3.10.16 numpy=2.2.6 scipy=1.15.3 cvxpy=1.7.1 solvers=['CLARABEL', 'CVXOPT', 'GLPK', 'GLPK_MI', 'MOSEK', 'OSQP', 'SCIPY', 'SCS']
COMMAND <machine-local-path-redacted> 3 3 0 --solver MOSEK --audit
FULL_G_ORBITS equality=18 diagonal=6 build_s=0.000
WEDDERBURN spectral_blocks=4 block_dims=[8, 10, 5, 4] sum_dims=27 max_spread=2.665e-15 min_gap=0.06955772451683773 build_s=0.001
COMMUTANT generators=2 true_block_dims=[8, 10, 5, 4] repetitions=[1, 1, 1, 1] schur_residual=2.111e-15 build_s=0.001
AFFINE_BUILD equality=18 diagonal=6 seconds=0.013
RESULT Adv_pm=2.418246529526061 status=optimal solver=MOSEK eps=0.0001 solve_s=0.159 wall_s=0.213
FULL_AUDIT {"max_full_diagonal_violation": 0.0, "max_full_equality_residual": 1.9997822509054686e-08, "max_generator_invariance_residual": 1.4432899320127035e-14, "natural_min_eigenvalue": 1.1445978388143894e-10}
RESULT_JSON {"audit": {"max_full_diagonal_violation": 0.0, "max_full_equality_residual": 1.9997822509054686e-08, "max_generator_invariance_residual": 1.4432899320127035e-14, "natural_min_eigenvalue": 1.1445978388143894e-10}, "centralizer_order": 2, "command": "<machine-local-path-redacted> 3 3 0 --solver MOSEK --audit", "cvxpy_version": "1.7.1", "diagonal_constraint_orbits": 6, "eps": 0.0001, "equality_constraint_orbits": 18, "inputs": 27, "max_iters": 200000, "n": 3, "no": 8, "numpy_version": "2.2.6", "python": "<machine-local-path-redacted>", "python_version": "3.10.16", "q": 3, "scipy_version": "1.15.3", "solve_seconds": 0.15888300000005984, "solver": "MOSEK", "spectral_copy_block_dims": [8, 10, 5, 4], "stabilizer_generators": 2, "status": "optimal", "target": 0, "tau": 1, "value": 2.418246529526061, "wall_seconds": 0.21278580000034708, "wedderburn": {"alphabet_group_order": 2, "block_dims": [8, 10, 5, 4], "eigen_residual": 1.8080201793958924e-15, "irrep_dimensions_repetitions": [1, 1, 1, 1], "isotypic_block_dims": [8, 10, 5, 4], "max_schur_polar_residual": 2.111055022435286e-15, "max_within_cluster_spread": 2.6645352591003757e-15, "min_between_cluster_gap": 0.06955772451683773, "position_group_order": 2, "spectral_blocks": 4, "spectral_copy_edges": 8}, "wedderburn_block_dims": [8, 10, 5, 4], "yes": 19}

===== n=3 q=4 t=0 =====
INSTANCE n=3 q=4 t=0 inputs=64 yes=38 no=26 tau=2 |C(sigma)|=4
RUNTIME python=<machine-local-path-redacted> version=3.10.16 numpy=2.2.6 scipy=1.15.3 cvxpy=1.7.1 solvers=['CLARABEL', 'CVXOPT', 'GLPK', 'GLPK_MI', 'MOSEK', 'OSQP', 'SCIPY', 'SCS']
COMMAND <machine-local-path-redacted> 3 4 0 --solver MOSEK --audit
FULL_G_ORBITS equality=51 diagonal=8 build_s=0.001
WEDDERBURN spectral_blocks=8 block_dims=[6, 10, 14, 10, 6, 6, 6, 6] sum_dims=64 max_spread=6.217e-15 min_gap=0.2431058910173043 build_s=0.003
COMMUTANT generators=4 true_block_dims=[6, 10, 14, 10, 6, 6, 6, 6] repetitions=[1, 1, 1, 1, 1, 1, 1, 1] schur_residual=4.121e-15 build_s=0.004
AFFINE_BUILD equality=51 diagonal=8 seconds=0.048
RESULT Adv_pm=2.58154833565475 status=optimal solver=MOSEK eps=0.0001 solve_s=0.547 wall_s=0.635
FULL_AUDIT {"max_full_diagonal_violation": 0.0, "max_full_equality_residual": 1.2465383392168405e-08, "max_generator_invariance_residual": 8.659739592076221e-15, "natural_min_eigenvalue": 1.4362076910142996e-08}
RESULT_JSON {"audit": {"max_full_diagonal_violation": 0.0, "max_full_equality_residual": 1.2465383392168405e-08, "max_generator_invariance_residual": 8.659739592076221e-15, "natural_min_eigenvalue": 1.4362076910142996e-08}, "centralizer_order": 4, "command": "<machine-local-path-redacted> 3 4 0 --solver MOSEK --audit", "cvxpy_version": "1.7.1", "diagonal_constraint_orbits": 8, "eps": 0.0001, "equality_constraint_orbits": 51, "inputs": 64, "max_iters": 200000, "n": 3, "no": 26, "numpy_version": "2.2.6", "python": "<machine-local-path-redacted>", "python_version": "3.10.16", "q": 4, "scipy_version": "1.15.3", "solve_seconds": 0.546646700000565, "solver": "MOSEK", "spectral_copy_block_dims": [6, 10, 14, 10, 6, 6, 6, 6], "stabilizer_generators": 4, "status": "optimal", "target": 0, "tau": 2, "value": 2.58154833565475, "wall_seconds": 0.6351247000002331, "wedderburn": {"alphabet_group_order": 4, "block_dims": [6, 10, 14, 10, 6, 6, 6, 6], "eigen_residual": 5.8762199363486996e-15, "irrep_dimensions_repetitions": [1, 1, 1, 1, 1, 1, 1, 1], "isotypic_block_dims": [6, 10, 14, 10, 6, 6, 6, 6], "max_schur_polar_residual": 4.120820469401248e-15, "max_within_cluster_spread": 6.217248937900877e-15, "min_between_cluster_gap": 0.2431058910173043, "position_group_order": 2, "spectral_blocks": 8, "spectral_copy_edges": 32}, "wedderburn_block_dims": [6, 10, 14, 10, 6, 6, 6, 6], "yes": 38}

===== n=3 q=5 t=0 =====
INSTANCE n=3 q=5 t=0 inputs=125 yes=61 no=64 tau=1 |C(sigma)|=8
RUNTIME python=<machine-local-path-redacted> version=3.10.16 numpy=2.2.6 scipy=1.15.3 cvxpy=1.7.1 solvers=['CLARABEL', 'CVXOPT', 'GLPK', 'GLPK_MI', 'MOSEK', 'OSQP', 'SCIPY', 'SCS']
COMMAND <machine-local-path-redacted> 3 5 0 --solver MOSEK --audit
FULL_G_ORBITS equality=103 diagonal=9 build_s=0.001
WEDDERBURN spectral_blocks=12 block_dims=[18, 4, 14, 18, 13, 5, 8, 16, 13, 5, 7, 4] sum_dims=125 max_spread=7.327e-15 min_gap=0.016905283255124637 build_s=0.006
COMMUTANT generators=8 true_block_dims=[18, 4, 14, 13, 5, 8, 16, 5, 7, 4] repetitions=[2, 1, 1, 2, 1, 1, 1, 1, 1, 1] schur_residual=7.186e-15 build_s=0.006
AFFINE_BUILD equality=103 diagonal=9 seconds=0.094
RESULT Adv_pm=2.6038591521371743 status=optimal solver=MOSEK eps=0.0001 solve_s=1.089 wall_s=1.221
FULL_AUDIT {"max_full_diagonal_violation": 0.0, "max_full_equality_residual": 1.1105181441095624e-08, "max_generator_invariance_residual": 2.2071233729548112e-13, "natural_min_eigenvalue": 1.5292027969320785e-08}
RESULT_JSON {"audit": {"max_full_diagonal_violation": 0.0, "max_full_equality_residual": 1.1105181441095624e-08, "max_generator_invariance_residual": 2.2071233729548112e-13, "natural_min_eigenvalue": 1.5292027969320785e-08}, "centralizer_order": 8, "command": "<machine-local-path-redacted> 3 5 0 --solver MOSEK --audit", "cvxpy_version": "1.7.1", "diagonal_constraint_orbits": 9, "eps": 0.0001, "equality_constraint_orbits": 103, "inputs": 125, "max_iters": 200000, "n": 3, "no": 64, "numpy_version": "2.2.6", "python": "<machine-local-path-redacted>", "python_version": "3.10.16", "q": 5, "scipy_version": "1.15.3", "solve_seconds": 1.0894487000005029, "solver": "MOSEK", "spectral_copy_block_dims": [18, 4, 14, 18, 13, 5, 8, 16, 13, 5, 7, 4], "stabilizer_generators": 8, "status": "optimal", "target": 0, "tau": 1, "value": 2.6038591521371743, "wall_seconds": 1.2210663999994722, "wedderburn": {"alphabet_group_order": 8, "block_dims": [18, 4, 14, 18, 13, 5, 8, 16, 13, 5, 7, 4], "eigen_residual": 4.9085749977184446e-15, "irrep_dimensions_repetitions": [2, 1, 1, 2, 1, 1, 1, 1, 1, 1], "isotypic_block_dims": [18, 4, 14, 13, 5, 8, 16, 5, 7, 4], "max_schur_polar_residual": 7.186004560963614e-15, "max_within_cluster_spread": 7.327471962526033e-15, "min_between_cluster_gap": 0.016905283255124637, "position_group_order": 2, "spectral_blocks": 12, "spectral_copy_edges": 112}, "wedderburn_block_dims": [18, 4, 14, 13, 5, 8, 16, 5, 7, 4], "yes": 61}

===== n=4 q=3 t=0 =====
INSTANCE n=4 q=3 t=0 inputs=81 yes=71 no=10 tau=1 |C(sigma)|=2
RUNTIME python=<machine-local-path-redacted> version=3.10.16 numpy=2.2.6 scipy=1.15.3 cvxpy=1.7.1 solvers=['CLARABEL', 'CVXOPT', 'GLPK', 'GLPK_MI', 'MOSEK', 'OSQP', 'SCIPY', 'SCS']
COMMAND <machine-local-path-redacted> 4 3 0 --solver MOSEK --audit
FULL_G_ORBITS equality=35 diagonal=9 build_s=0.000
WEDDERBURN spectral_blocks=8 block_dims=[12, 2, 14, 12, 12, 1, 16, 12] sum_dims=81 max_spread=6.661e-15 min_gap=0.10839943034346389 build_s=0.004
COMMUTANT generators=3 true_block_dims=[12, 2, 14, 12, 1, 16] repetitions=[2, 1, 1, 2, 1, 1] schur_residual=4.294e-15 build_s=0.005
AFFINE_BUILD equality=35 diagonal=9 seconds=0.037
RESULT Adv_pm=2.712159295887389 status=optimal solver=MOSEK eps=0.0001 solve_s=0.455 wall_s=0.531
FULL_AUDIT {"max_full_diagonal_violation": 0.0, "max_full_equality_residual": 9.251361898776622e-10, "max_generator_invariance_residual": 4.9960036108132044e-15, "natural_min_eigenvalue": 7.305536288358225e-11}
RESULT_JSON {"audit": {"max_full_diagonal_violation": 0.0, "max_full_equality_residual": 9.251361898776622e-10, "max_generator_invariance_residual": 4.9960036108132044e-15, "natural_min_eigenvalue": 7.305536288358225e-11}, "centralizer_order": 2, "command": "<machine-local-path-redacted> 4 3 0 --solver MOSEK --audit", "cvxpy_version": "1.7.1", "diagonal_constraint_orbits": 9, "eps": 0.0001, "equality_constraint_orbits": 35, "inputs": 81, "max_iters": 200000, "n": 4, "no": 10, "numpy_version": "2.2.6", "python": "<machine-local-path-redacted>", "python_version": "3.10.16", "q": 3, "scipy_version": "1.15.3", "solve_seconds": 0.45467769999959273, "solver": "MOSEK", "spectral_copy_block_dims": [12, 2, 14, 12, 12, 1, 16, 12], "stabilizer_generators": 3, "status": "optimal", "target": 0, "tau": 1, "value": 2.712159295887389, "wall_seconds": 0.531151599999248, "wedderburn": {"alphabet_group_order": 2, "block_dims": [12, 2, 14, 12, 12, 1, 16, 12], "eigen_residual": 4.747338596805593e-15, "irrep_dimensions_repetitions": [2, 1, 1, 2, 1, 1], "isotypic_block_dims": [12, 2, 14, 12, 1, 16], "max_schur_polar_residual": 4.294065395725368e-15, "max_within_cluster_spread": 6.661338147750939e-15, "min_between_cluster_gap": 0.10839943034346389, "position_group_order": 6, "spectral_blocks": 8, "spectral_copy_edges": 32}, "wedderburn_block_dims": [12, 2, 14, 12, 1, 16], "yes": 71}
