# F1 floor audit -- independent -- date-tag 20260718
# cmd: ksum/tools/ksum_f1_floor.py
## A. CORE even: all in-window tstar, all live inputs, from-scratch oracle
{"cfg": "Aeven_k3_K2_q16_t7", "k": 3, "q": 16, "t": 7, "N": 5, "m": 2, "inputs": 16, "mism": 0, "expect_mismatch": false, "verdict": "PASS", "s": 0.0}
{"cfg": "Aeven_k3_K2_q16_t8", "k": 3, "q": 16, "t": 8, "N": 5, "m": 2, "inputs": 16, "mism": 0, "expect_mismatch": false, "verdict": "PASS", "s": 0.0}
{"cfg": "Aeven_k3_K2_q16_t9", "k": 3, "q": 16, "t": 9, "N": 5, "m": 2, "inputs": 16, "mism": 0, "expect_mismatch": false, "verdict": "PASS", "s": 0.0}
{"summ_A": "k3_K2_q16", "window": [7, 9], "targets": 3}
{"cfg": "Aeven_k3_K2_q21_t7", "k": 3, "q": 21, "t": 7, "N": 7, "m": 3, "inputs": 64, "mism": 0, "expect_mismatch": false, "verdict": "PASS", "s": 0.0}
{"cfg": "Aeven_k3_K2_q21_t8", "k": 3, "q": 21, "t": 8, "N": 7, "m": 3, "inputs": 64, "mism": 0, "expect_mismatch": false, "verdict": "PASS", "s": 0.0}
{"cfg": "Aeven_k3_K2_q21_t9", "k": 3, "q": 21, "t": 9, "N": 7, "m": 3, "inputs": 64, "mism": 0, "expect_mismatch": false, "verdict": "PASS", "s": 0.0}
{"cfg": "Aeven_k3_K2_q21_t10", "k": 3, "q": 21, "t": 10, "N": 7, "m": 3, "inputs": 64, "mism": 0, "expect_mismatch": false, "verdict": "PASS", "s": 0.0}
{"cfg": "Aeven_k3_K2_q21_t11", "k": 3, "q": 21, "t": 11, "N": 7, "m": 3, "inputs": 64, "mism": 0, "expect_mismatch": false, "verdict": "PASS", "s": 0.0}
{"cfg": "Aeven_k3_K2_q21_t12", "k": 3, "q": 21, "t": 12, "N": 7, "m": 3, "inputs": 64, "mism": 0, "expect_mismatch": false, "verdict": "PASS", "s": 0.0}
{"cfg": "Aeven_k3_K2_q21_t13", "k": 3, "q": 21, "t": 13, "N": 7, "m": 3, "inputs": 64, "mism": 0, "expect_mismatch": false, "verdict": "PASS", "s": 0.0}
{"cfg": "Aeven_k3_K2_q21_t14", "k": 3, "q": 21, "t": 14, "N": 7, "m": 3, "inputs": 64, "mism": 0, "expect_mismatch": false, "verdict": "PASS", "s": 0.0}
{"summ_A": "k3_K2_q21", "window": [7, 14], "targets": 8}
{"cfg": "Aeven_k3_K3_q24_t10", "k": 3, "q": 24, "t": 10, "N": 5, "m": 2, "inputs": 81, "mism": 0, "expect_mismatch": false, "verdict": "PASS", "s": 0.0}
{"cfg": "Aeven_k3_K3_q24_t11", "k": 3, "q": 24, "t": 11, "N": 5, "m": 2, "inputs": 81, "mism": 0, "expect_mismatch": false, "verdict": "PASS", "s": 0.0}
{"cfg": "Aeven_k3_K3_q24_t12", "k": 3, "q": 24, "t": 12, "N": 5, "m": 2, "inputs": 81, "mism": 0, "expect_mismatch": false, "verdict": "PASS", "s": 0.0}
{"cfg": "Aeven_k3_K3_q24_t13", "k": 3, "q": 24, "t": 13, "N": 5, "m": 2, "inputs": 81, "mism": 0, "expect_mismatch": false, "verdict": "PASS", "s": 0.0}
{"cfg": "Aeven_k3_K3_q24_t14", "k": 3, "q": 24, "t": 14, "N": 5, "m": 2, "inputs": 81, "mism": 0, "expect_mismatch": false, "verdict": "PASS", "s": 0.0}
{"summ_A": "k3_K3_q24", "window": [10, 14], "targets": 5}
{"cfg": "Aeven_k4_K2_q30_t18", "k": 4, "q": 30, "t": 18, "N": 6, "m": 2, "inputs": 16, "mism": 0, "expect_mismatch": false, "verdict": "PASS", "s": 0.0}
{"cfg": "Aeven_k4_K2_q30_t19", "k": 4, "q": 30, "t": 19, "N": 6, "m": 2, "inputs": 16, "mism": 0, "expect_mismatch": false, "verdict": "PASS", "s": 0.0}
{"cfg": "Aeven_k4_K2_q30_t20", "k": 4, "q": 30, "t": 20, "N": 6, "m": 2, "inputs": 16, "mism": 0, "expect_mismatch": false, "verdict": "PASS", "s": 0.0}
{"cfg": "Aeven_k4_K2_q30_t21", "k": 4, "q": 30, "t": 21, "N": 6, "m": 2, "inputs": 16, "mism": 0, "expect_mismatch": false, "verdict": "PASS", "s": 0.0}
{"summ_A": "k4_K2_q30", "window": [18, 21], "targets": 4}
{"cfg": "Aeven_k4_K2_q34_t18", "k": 4, "q": 34, "t": 18, "N": 8, "m": 3, "inputs": 64, "mism": 0, "expect_mismatch": false, "verdict": "PASS", "s": 0.0}
{"cfg": "Aeven_k4_K2_q34_t19", "k": 4, "q": 34, "t": 19, "N": 8, "m": 3, "inputs": 64, "mism": 0, "expect_mismatch": false, "verdict": "PASS", "s": 0.0}
{"cfg": "Aeven_k4_K2_q34_t20", "k": 4, "q": 34, "t": 20, "N": 8, "m": 3, "inputs": 64, "mism": 0, "expect_mismatch": false, "verdict": "PASS", "s": 0.0}
{"cfg": "Aeven_k4_K2_q34_t21", "k": 4, "q": 34, "t": 21, "N": 8, "m": 3, "inputs": 64, "mism": 0, "expect_mismatch": false, "verdict": "PASS", "s": 0.0}
{"cfg": "Aeven_k4_K2_q34_t22", "k": 4, "q": 34, "t": 22, "N": 8, "m": 3, "inputs": 64, "mism": 0, "expect_mismatch": false, "verdict": "PASS", "s": 0.0}
{"cfg": "Aeven_k4_K2_q34_t23", "k": 4, "q": 34, "t": 23, "N": 8, "m": 3, "inputs": 64, "mism": 0, "expect_mismatch": false, "verdict": "PASS", "s": 0.0}
{"cfg": "Aeven_k4_K2_q34_t24", "k": 4, "q": 34, "t": 24, "N": 8, "m": 3, "inputs": 64, "mism": 0, "expect_mismatch": false, "verdict": "PASS", "s": 0.0}
{"cfg": "Aeven_k4_K2_q34_t25", "k": 4, "q": 34, "t": 25, "N": 8, "m": 3, "inputs": 64, "mism": 0, "expect_mismatch": false, "verdict": "PASS", "s": 0.0}
{"summ_A": "k4_K2_q34", "window": [18, 25], "targets": 8}
{"cfg": "Aeven_k5_K2_q48_t33", "k": 5, "q": 48, "t": 33, "N": 9, "m": 3, "inputs": 64, "mism": 0, "expect_mismatch": false, "verdict": "PASS", "s": 0.0}
{"cfg": "Aeven_k5_K2_q48_t34", "k": 5, "q": 48, "t": 34, "N": 9, "m": 3, "inputs": 64, "mism": 0, "expect_mismatch": false, "verdict": "PASS", "s": 0.0}
{"cfg": "Aeven_k5_K2_q48_t35", "k": 5, "q": 48, "t": 35, "N": 9, "m": 3, "inputs": 64, "mism": 0, "expect_mismatch": false, "verdict": "PASS", "s": 0.0}
{"cfg": "Aeven_k5_K2_q48_t36", "k": 5, "q": 48, "t": 36, "N": 9, "m": 3, "inputs": 64, "mism": 0, "expect_mismatch": false, "verdict": "PASS", "s": 0.0}
{"cfg": "Aeven_k5_K2_q48_t37", "k": 5, "q": 48, "t": 37, "N": 9, "m": 3, "inputs": 64, "mism": 0, "expect_mismatch": false, "verdict": "PASS", "s": 0.0}
{"summ_A": "k5_K2_q48", "window": [33, 37], "targets": 5}
{"cfg": "Aeven_k5_K2_q55_t33", "k": 5, "q": 55, "t": 33, "N": 9, "m": 3, "inputs": 64, "mism": 0, "expect_mismatch": false, "verdict": "PASS", "s": 0.0}
{"cfg": "Aeven_k5_K2_q55_t34", "k": 5, "q": 55, "t": 34, "N": 9, "m": 3, "inputs": 64, "mism": 0, "expect_mismatch": false, "verdict": "PASS", "s": 0.0}
{"cfg": "Aeven_k5_K2_q55_t35", "k": 5, "q": 55, "t": 35, "N": 9, "m": 3, "inputs": 64, "mism": 0, "expect_mismatch": false, "verdict": "PASS", "s": 0.0}
{"cfg": "Aeven_k5_K2_q55_t36", "k": 5, "q": 55, "t": 36, "N": 9, "m": 3, "inputs": 64, "mism": 0, "expect_mismatch": false, "verdict": "PASS", "s": 0.0}
{"cfg": "Aeven_k5_K2_q55_t37", "k": 5, "q": 55, "t": 37, "N": 9, "m": 3, "inputs": 64, "mism": 0, "expect_mismatch": false, "verdict": "PASS", "s": 0.0}
{"cfg": "Aeven_k5_K2_q55_t38", "k": 5, "q": 55, "t": 38, "N": 9, "m": 3, "inputs": 64, "mism": 0, "expect_mismatch": false, "verdict": "PASS", "s": 0.0}
{"cfg": "Aeven_k5_K2_q55_t39", "k": 5, "q": 55, "t": 39, "N": 9, "m": 3, "inputs": 64, "mism": 0, "expect_mismatch": false, "verdict": "PASS", "s": 0.0}
{"cfg": "Aeven_k5_K2_q55_t40", "k": 5, "q": 55, "t": 40, "N": 9, "m": 3, "inputs": 64, "mism": 0, "expect_mismatch": false, "verdict": "PASS", "s": 0.0}
{"cfg": "Aeven_k5_K2_q55_t41", "k": 5, "q": 55, "t": 41, "N": 9, "m": 3, "inputs": 64, "mism": 0, "expect_mismatch": false, "verdict": "PASS", "s": 0.0}
{"cfg": "Aeven_k5_K2_q55_t42", "k": 5, "q": 55, "t": 42, "N": 9, "m": 3, "inputs": 64, "mism": 0, "expect_mismatch": false, "verdict": "PASS", "s": 0.0}
{"cfg": "Aeven_k5_K2_q55_t43", "k": 5, "q": 55, "t": 43, "N": 9, "m": 3, "inputs": 64, "mism": 0, "expect_mismatch": false, "verdict": "PASS", "s": 0.0}
{"cfg": "Aeven_k5_K2_q55_t44", "k": 5, "q": 55, "t": 44, "N": 9, "m": 3, "inputs": 64, "mism": 0, "expect_mismatch": false, "verdict": "PASS", "s": 0.0}
{"summ_A": "k5_K2_q55", "window": [33, 44], "targets": 12}
{"cfg": "Aeven_k5_K3_q80_t48", "k": 5, "q": 80, "t": 48, "N": 9, "m": 3, "inputs": 729, "mism": 0, "expect_mismatch": false, "verdict": "PASS", "s": 0.0}
{"cfg": "Aeven_k5_K3_q80_t49", "k": 5, "q": 80, "t": 49, "N": 9, "m": 3, "inputs": 729, "mism": 0, "expect_mismatch": false, "verdict": "PASS", "s": 0.0}
{"cfg": "Aeven_k5_K3_q80_t50", "k": 5, "q": 80, "t": 50, "N": 9, "m": 3, "inputs": 729, "mism": 0, "expect_mismatch": false, "verdict": "PASS", "s": 0.0}
{"cfg": "Aeven_k5_K3_q80_t51", "k": 5, "q": 80, "t": 51, "N": 9, "m": 3, "inputs": 729, "mism": 0, "expect_mismatch": false, "verdict": "PASS", "s": 0.0}
{"cfg": "Aeven_k5_K3_q80_t52", "k": 5, "q": 80, "t": 52, "N": 9, "m": 3, "inputs": 729, "mism": 0, "expect_mismatch": false, "verdict": "PASS", "s": 0.0}
{"cfg": "Aeven_k5_K3_q80_t53", "k": 5, "q": 80, "t": 53, "N": 9, "m": 3, "inputs": 729, "mism": 0, "expect_mismatch": false, "verdict": "PASS", "s": 0.01}
{"cfg": "Aeven_k5_K3_q80_t54", "k": 5, "q": 80, "t": 54, "N": 9, "m": 3, "inputs": 729, "mism": 0, "expect_mismatch": false, "verdict": "PASS", "s": 0.0}
{"cfg": "Aeven_k5_K3_q80_t55", "k": 5, "q": 80, "t": 55, "N": 9, "m": 3, "inputs": 729, "mism": 0, "expect_mismatch": false, "verdict": "PASS", "s": 0.0}
{"cfg": "Aeven_k5_K3_q80_t56", "k": 5, "q": 80, "t": 56, "N": 9, "m": 3, "inputs": 729, "mism": 0, "expect_mismatch": false, "verdict": "PASS", "s": 0.0}
{"cfg": "Aeven_k5_K3_q80_t57", "k": 5, "q": 80, "t": 57, "N": 9, "m": 3, "inputs": 729, "mism": 0, "expect_mismatch": false, "verdict": "PASS", "s": 0.01}
{"cfg": "Aeven_k5_K3_q80_t58", "k": 5, "q": 80, "t": 58, "N": 9, "m": 3, "inputs": 729, "mism": 0, "expect_mismatch": false, "verdict": "PASS", "s": 0.0}
{"cfg": "Aeven_k5_K3_q80_t59", "k": 5, "q": 80, "t": 59, "N": 9, "m": 3, "inputs": 729, "mism": 0, "expect_mismatch": false, "verdict": "PASS", "s": 0.0}
{"cfg": "Aeven_k5_K3_q80_t60", "k": 5, "q": 80, "t": 60, "N": 9, "m": 3, "inputs": 729, "mism": 0, "expect_mismatch": false, "verdict": "PASS", "s": 0.0}
{"cfg": "Aeven_k5_K3_q80_t61", "k": 5, "q": 80, "t": 61, "N": 9, "m": 3, "inputs": 729, "mism": 0, "expect_mismatch": false, "verdict": "PASS", "s": 0.0}
{"cfg": "Aeven_k5_K3_q80_t62", "k": 5, "q": 80, "t": 62, "N": 9, "m": 3, "inputs": 729, "mism": 0, "expect_mismatch": false, "verdict": "PASS", "s": 0.0}
{"cfg": "Aeven_k5_K3_q80_t63", "k": 5, "q": 80, "t": 63, "N": 9, "m": 3, "inputs": 729, "mism": 0, "expect_mismatch": false, "verdict": "PASS", "s": 0.0}
{"cfg": "Aeven_k5_K3_q80_t64", "k": 5, "q": 80, "t": 64, "N": 9, "m": 3, "inputs": 729, "mism": 0, "expect_mismatch": false, "verdict": "PASS", "s": 0.0}
{"summ_A": "k5_K3_q80", "window": [48, 64], "targets": 17}
{"cfg": "Aeven_k6_K2_q65_t52", "k": 6, "q": 65, "t": 52, "N": 10, "m": 3, "inputs": 64, "mism": 0, "expect_mismatch": false, "verdict": "PASS", "s": 0.0}
{"summ_A": "k6_K2_q65", "window": [52, 52], "targets": 1}
## B. CORE odd (parked v*): all in-window tstar, all live inputs; k=3,4,5
{"cfg": "Bodd_k3_K2_q19_t7", "k": 3, "q": 19, "t": 7, "N": 6, "m": 2, "inputs": 16, "mism": 0, "expect_mismatch": false, "verdict": "PASS", "s": 0.0}
{"cfg": "Bodd_k3_K2_q19_t8", "k": 3, "q": 19, "t": 8, "N": 6, "m": 2, "inputs": 16, "mism": 0, "expect_mismatch": false, "verdict": "PASS", "s": 0.0}
{"cfg": "Bodd_k3_K2_q19_t9", "k": 3, "q": 19, "t": 9, "N": 6, "m": 2, "inputs": 16, "mism": 0, "expect_mismatch": false, "verdict": "PASS", "s": 0.0}
{"summ_B": "k3_K2_q19", "window": [7, 9], "targets": 3}
{"cfg": "Bodd_k3_K2_q24_t7", "k": 3, "q": 24, "t": 7, "N": 8, "m": 3, "inputs": 64, "mism": 0, "expect_mismatch": false, "verdict": "PASS", "s": 0.0}
{"cfg": "Bodd_k3_K2_q24_t8", "k": 3, "q": 24, "t": 8, "N": 8, "m": 3, "inputs": 64, "mism": 0, "expect_mismatch": false, "verdict": "PASS", "s": 0.0}
{"cfg": "Bodd_k3_K2_q24_t9", "k": 3, "q": 24, "t": 9, "N": 8, "m": 3, "inputs": 64, "mism": 0, "expect_mismatch": false, "verdict": "PASS", "s": 0.0}
{"cfg": "Bodd_k3_K2_q24_t10", "k": 3, "q": 24, "t": 10, "N": 8, "m": 3, "inputs": 64, "mism": 0, "expect_mismatch": false, "verdict": "PASS", "s": 0.0}
{"cfg": "Bodd_k3_K2_q24_t11", "k": 3, "q": 24, "t": 11, "N": 8, "m": 3, "inputs": 64, "mism": 0, "expect_mismatch": false, "verdict": "PASS", "s": 0.0}
{"cfg": "Bodd_k3_K2_q24_t12", "k": 3, "q": 24, "t": 12, "N": 8, "m": 3, "inputs": 64, "mism": 0, "expect_mismatch": false, "verdict": "PASS", "s": 0.0}
{"cfg": "Bodd_k3_K2_q24_t13", "k": 3, "q": 24, "t": 13, "N": 8, "m": 3, "inputs": 64, "mism": 0, "expect_mismatch": false, "verdict": "PASS", "s": 0.0}
{"cfg": "Bodd_k3_K2_q24_t14", "k": 3, "q": 24, "t": 14, "N": 8, "m": 3, "inputs": 64, "mism": 0, "expect_mismatch": false, "verdict": "PASS", "s": 0.0}
{"summ_B": "k3_K2_q24", "window": [7, 14], "targets": 8}
{"cfg": "Bodd_k4_K2_q35_t18", "k": 4, "q": 35, "t": 18, "N": 7, "m": 2, "inputs": 16, "mism": 0, "expect_mismatch": false, "verdict": "PASS", "s": 0.0}
{"cfg": "Bodd_k4_K2_q35_t19", "k": 4, "q": 35, "t": 19, "N": 7, "m": 2, "inputs": 16, "mism": 0, "expect_mismatch": false, "verdict": "PASS", "s": 0.0}
{"cfg": "Bodd_k4_K2_q35_t20", "k": 4, "q": 35, "t": 20, "N": 7, "m": 2, "inputs": 16, "mism": 0, "expect_mismatch": false, "verdict": "PASS", "s": 0.0}
{"cfg": "Bodd_k4_K2_q35_t21", "k": 4, "q": 35, "t": 21, "N": 7, "m": 2, "inputs": 16, "mism": 0, "expect_mismatch": false, "verdict": "PASS", "s": 0.0}
{"summ_B": "k4_K2_q35", "window": [18, 21], "targets": 4}
{"cfg": "Bodd_k4_K2_q44_t18", "k": 4, "q": 44, "t": 18, "N": 9, "m": 3, "inputs": 64, "mism": 0, "expect_mismatch": false, "verdict": "PASS", "s": 0.0}
{"cfg": "Bodd_k4_K2_q44_t19", "k": 4, "q": 44, "t": 19, "N": 9, "m": 3, "inputs": 64, "mism": 0, "expect_mismatch": false, "verdict": "PASS", "s": 0.0}
{"cfg": "Bodd_k4_K2_q44_t20", "k": 4, "q": 44, "t": 20, "N": 9, "m": 3, "inputs": 64, "mism": 0, "expect_mismatch": false, "verdict": "PASS", "s": 0.0}
{"cfg": "Bodd_k4_K2_q44_t21", "k": 4, "q": 44, "t": 21, "N": 9, "m": 3, "inputs": 64, "mism": 0, "expect_mismatch": false, "verdict": "PASS", "s": 0.0}
{"cfg": "Bodd_k4_K2_q44_t22", "k": 4, "q": 44, "t": 22, "N": 9, "m": 3, "inputs": 64, "mism": 0, "expect_mismatch": false, "verdict": "PASS", "s": 0.0}
{"cfg": "Bodd_k4_K2_q44_t23", "k": 4, "q": 44, "t": 23, "N": 9, "m": 3, "inputs": 64, "mism": 0, "expect_mismatch": false, "verdict": "PASS", "s": 0.0}
{"cfg": "Bodd_k4_K2_q44_t24", "k": 4, "q": 44, "t": 24, "N": 9, "m": 3, "inputs": 64, "mism": 0, "expect_mismatch": false, "verdict": "PASS", "s": 0.0}
{"cfg": "Bodd_k4_K2_q44_t25", "k": 4, "q": 44, "t": 25, "N": 9, "m": 3, "inputs": 64, "mism": 0, "expect_mismatch": false, "verdict": "PASS", "s": 0.0}
{"cfg": "Bodd_k4_K2_q44_t26", "k": 4, "q": 44, "t": 26, "N": 9, "m": 3, "inputs": 64, "mism": 0, "expect_mismatch": false, "verdict": "PASS", "s": 0.0}
{"cfg": "Bodd_k4_K2_q44_t27", "k": 4, "q": 44, "t": 27, "N": 9, "m": 3, "inputs": 64, "mism": 0, "expect_mismatch": false, "verdict": "PASS", "s": 0.0}
{"cfg": "Bodd_k4_K2_q44_t28", "k": 4, "q": 44, "t": 28, "N": 9, "m": 3, "inputs": 64, "mism": 0, "expect_mismatch": false, "verdict": "PASS", "s": 0.0}
{"cfg": "Bodd_k4_K2_q44_t29", "k": 4, "q": 44, "t": 29, "N": 9, "m": 3, "inputs": 64, "mism": 0, "expect_mismatch": false, "verdict": "PASS", "s": 0.0}
{"cfg": "Bodd_k4_K2_q44_t30", "k": 4, "q": 44, "t": 30, "N": 9, "m": 3, "inputs": 64, "mism": 0, "expect_mismatch": false, "verdict": "PASS", "s": 0.0}
{"summ_B": "k4_K2_q44", "window": [18, 30], "targets": 13}
{"cfg": "Bodd_k5_K2_q55_t33", "k": 5, "q": 55, "t": 33, "N": 10, "m": 3, "inputs": 64, "mism": 0, "expect_mismatch": false, "verdict": "PASS", "s": 0.0}
{"cfg": "Bodd_k5_K2_q55_t34", "k": 5, "q": 55, "t": 34, "N": 10, "m": 3, "inputs": 64, "mism": 0, "expect_mismatch": false, "verdict": "PASS", "s": 0.0}
{"cfg": "Bodd_k5_K2_q55_t35", "k": 5, "q": 55, "t": 35, "N": 10, "m": 3, "inputs": 64, "mism": 0, "expect_mismatch": false, "verdict": "PASS", "s": 0.0}
{"cfg": "Bodd_k5_K2_q55_t36", "k": 5, "q": 55, "t": 36, "N": 10, "m": 3, "inputs": 64, "mism": 0, "expect_mismatch": false, "verdict": "PASS", "s": 0.0}
{"cfg": "Bodd_k5_K2_q55_t37", "k": 5, "q": 55, "t": 37, "N": 10, "m": 3, "inputs": 64, "mism": 0, "expect_mismatch": false, "verdict": "PASS", "s": 0.0}
{"summ_B": "k5_K2_q55", "window": [33, 37], "targets": 5}
{"cfg": "Bodd_k5_K2_q60_t33", "k": 5, "q": 60, "t": 33, "N": 10, "m": 3, "inputs": 64, "mism": 0, "expect_mismatch": false, "verdict": "PASS", "s": 0.0}
{"cfg": "Bodd_k5_K2_q60_t34", "k": 5, "q": 60, "t": 34, "N": 10, "m": 3, "inputs": 64, "mism": 0, "expect_mismatch": false, "verdict": "PASS", "s": 0.0}
{"cfg": "Bodd_k5_K2_q60_t35", "k": 5, "q": 60, "t": 35, "N": 10, "m": 3, "inputs": 64, "mism": 0, "expect_mismatch": false, "verdict": "PASS", "s": 0.0}
{"cfg": "Bodd_k5_K2_q60_t36", "k": 5, "q": 60, "t": 36, "N": 10, "m": 3, "inputs": 64, "mism": 0, "expect_mismatch": false, "verdict": "PASS", "s": 0.0}
{"cfg": "Bodd_k5_K2_q60_t37", "k": 5, "q": 60, "t": 37, "N": 10, "m": 3, "inputs": 64, "mism": 0, "expect_mismatch": false, "verdict": "PASS", "s": 0.0}
{"cfg": "Bodd_k5_K2_q60_t38", "k": 5, "q": 60, "t": 38, "N": 10, "m": 3, "inputs": 64, "mism": 0, "expect_mismatch": false, "verdict": "PASS", "s": 0.0}
{"cfg": "Bodd_k5_K2_q60_t39", "k": 5, "q": 60, "t": 39, "N": 10, "m": 3, "inputs": 64, "mism": 0, "expect_mismatch": false, "verdict": "PASS", "s": 0.0}
{"cfg": "Bodd_k5_K2_q60_t40", "k": 5, "q": 60, "t": 40, "N": 10, "m": 3, "inputs": 64, "mism": 0, "expect_mismatch": false, "verdict": "PASS", "s": 0.0}
{"cfg": "Bodd_k5_K2_q60_t41", "k": 5, "q": 60, "t": 41, "N": 10, "m": 3, "inputs": 64, "mism": 0, "expect_mismatch": false, "verdict": "PASS", "s": 0.0}
{"cfg": "Bodd_k5_K2_q60_t42", "k": 5, "q": 60, "t": 42, "N": 10, "m": 3, "inputs": 64, "mism": 0, "expect_mismatch": false, "verdict": "PASS", "s": 0.0}
{"summ_B": "k5_K2_q60", "window": [33, 42], "targets": 10}
{"cfg": "Bodd_k5_K3_q90_t48", "k": 5, "q": 90, "t": 48, "N": 10, "m": 3, "inputs": 729, "mism": 0, "expect_mismatch": false, "verdict": "PASS", "s": 0.01}
{"cfg": "Bodd_k5_K3_q90_t49", "k": 5, "q": 90, "t": 49, "N": 10, "m": 3, "inputs": 729, "mism": 0, "expect_mismatch": false, "verdict": "PASS", "s": 0.0}
{"cfg": "Bodd_k5_K3_q90_t50", "k": 5, "q": 90, "t": 50, "N": 10, "m": 3, "inputs": 729, "mism": 0, "expect_mismatch": false, "verdict": "PASS", "s": 0.0}
{"cfg": "Bodd_k5_K3_q90_t51", "k": 5, "q": 90, "t": 51, "N": 10, "m": 3, "inputs": 729, "mism": 0, "expect_mismatch": false, "verdict": "PASS", "s": 0.0}
{"cfg": "Bodd_k5_K3_q90_t52", "k": 5, "q": 90, "t": 52, "N": 10, "m": 3, "inputs": 729, "mism": 0, "expect_mismatch": false, "verdict": "PASS", "s": 0.0}
{"cfg": "Bodd_k5_K3_q90_t53", "k": 5, "q": 90, "t": 53, "N": 10, "m": 3, "inputs": 729, "mism": 0, "expect_mismatch": false, "verdict": "PASS", "s": 0.0}
{"cfg": "Bodd_k5_K3_q90_t54", "k": 5, "q": 90, "t": 54, "N": 10, "m": 3, "inputs": 729, "mism": 0, "expect_mismatch": false, "verdict": "PASS", "s": 0.0}
{"cfg": "Bodd_k5_K3_q90_t55", "k": 5, "q": 90, "t": 55, "N": 10, "m": 3, "inputs": 729, "mism": 0, "expect_mismatch": false, "verdict": "PASS", "s": 0.0}
{"cfg": "Bodd_k5_K3_q90_t56", "k": 5, "q": 90, "t": 56, "N": 10, "m": 3, "inputs": 729, "mism": 0, "expect_mismatch": false, "verdict": "PASS", "s": 0.0}
{"cfg": "Bodd_k5_K3_q90_t57", "k": 5, "q": 90, "t": 57, "N": 10, "m": 3, "inputs": 729, "mism": 0, "expect_mismatch": false, "verdict": "PASS", "s": 0.0}
{"cfg": "Bodd_k5_K3_q90_t58", "k": 5, "q": 90, "t": 58, "N": 10, "m": 3, "inputs": 729, "mism": 0, "expect_mismatch": false, "verdict": "PASS", "s": 0.0}
{"cfg": "Bodd_k5_K3_q90_t59", "k": 5, "q": 90, "t": 59, "N": 10, "m": 3, "inputs": 729, "mism": 0, "expect_mismatch": false, "verdict": "PASS", "s": 0.0}
{"cfg": "Bodd_k5_K3_q90_t60", "k": 5, "q": 90, "t": 60, "N": 10, "m": 3, "inputs": 729, "mism": 0, "expect_mismatch": false, "verdict": "PASS", "s": 0.01}
{"cfg": "Bodd_k5_K3_q90_t61", "k": 5, "q": 90, "t": 61, "N": 10, "m": 3, "inputs": 729, "mism": 0, "expect_mismatch": false, "verdict": "PASS", "s": 0.0}
{"cfg": "Bodd_k5_K3_q90_t62", "k": 5, "q": 90, "t": 62, "N": 10, "m": 3, "inputs": 729, "mism": 0, "expect_mismatch": false, "verdict": "PASS", "s": 0.01}
{"cfg": "Bodd_k5_K3_q90_t63", "k": 5, "q": 90, "t": 63, "N": 10, "m": 3, "inputs": 729, "mism": 0, "expect_mismatch": false, "verdict": "PASS", "s": 0.0}
{"cfg": "Bodd_k5_K3_q90_t64", "k": 5, "q": 90, "t": 64, "N": 10, "m": 3, "inputs": 729, "mism": 0, "expect_mismatch": false, "verdict": "PASS", "s": 0.0}
{"summ_B": "k5_K3_q90", "window": [48, 64], "targets": 17}
{"cfg": "Bodd_k6_K2_q75_t52", "k": 6, "q": 75, "t": 52, "N": 11, "m": 3, "inputs": 64, "mism": 0, "expect_mismatch": false, "verdict": "PASS", "s": 0.0}
{"cfg": "Bodd_k6_K2_q75_t53", "k": 6, "q": 75, "t": 53, "N": 11, "m": 3, "inputs": 64, "mism": 0, "expect_mismatch": false, "verdict": "PASS", "s": 0.0}
{"summ_B": "k6_K2_q75", "window": [52, 53], "targets": 2}
## C. ALL-t via translation identity: full Z_q sweep; gcd(k,q) stressed
{"cfg": "ALLT_k3_K2_q16_even_t0", "k": 3, "q": 16, "t": 0, "N": 5, "m": 2, "inputs": 16, "mism": 0, "expect_mismatch": false, "verdict": "PASS", "s": 0.0}
{"cfg": "ALLT_k3_K2_q16_even_t1", "k": 3, "q": 16, "t": 1, "N": 5, "m": 2, "inputs": 16, "mism": 0, "expect_mismatch": false, "verdict": "PASS", "s": 0.0}
{"cfg": "ALLT_k3_K2_q16_even_t2", "k": 3, "q": 16, "t": 2, "N": 5, "m": 2, "inputs": 16, "mism": 0, "expect_mismatch": false, "verdict": "PASS", "s": 0.0}
{"cfg": "ALLT_k3_K2_q16_even_t3", "k": 3, "q": 16, "t": 3, "N": 5, "m": 2, "inputs": 16, "mism": 0, "expect_mismatch": false, "verdict": "PASS", "s": 0.0}
{"cfg": "ALLT_k3_K2_q16_even_t4", "k": 3, "q": 16, "t": 4, "N": 5, "m": 2, "inputs": 16, "mism": 0, "expect_mismatch": false, "verdict": "PASS", "s": 0.0}
{"cfg": "ALLT_k3_K2_q16_even_t5", "k": 3, "q": 16, "t": 5, "N": 5, "m": 2, "inputs": 16, "mism": 0, "expect_mismatch": false, "verdict": "PASS", "s": 0.0}
{"cfg": "ALLT_k3_K2_q16_even_t6", "k": 3, "q": 16, "t": 6, "N": 5, "m": 2, "inputs": 16, "mism": 0, "expect_mismatch": false, "verdict": "PASS", "s": 0.0}
{"cfg": "ALLT_k3_K2_q16_even_t7", "k": 3, "q": 16, "t": 7, "N": 5, "m": 2, "inputs": 16, "mism": 0, "expect_mismatch": false, "verdict": "PASS", "s": 0.0}
{"cfg": "ALLT_k3_K2_q16_even_t8", "k": 3, "q": 16, "t": 8, "N": 5, "m": 2, "inputs": 16, "mism": 0, "expect_mismatch": false, "verdict": "PASS", "s": 0.0}
{"cfg": "ALLT_k3_K2_q16_even_t9", "k": 3, "q": 16, "t": 9, "N": 5, "m": 2, "inputs": 16, "mism": 0, "expect_mismatch": false, "verdict": "PASS", "s": 0.0}
{"cfg": "ALLT_k3_K2_q16_even_t10", "k": 3, "q": 16, "t": 10, "N": 5, "m": 2, "inputs": 16, "mism": 0, "expect_mismatch": false, "verdict": "PASS", "s": 0.0}
{"cfg": "ALLT_k3_K2_q16_even_t11", "k": 3, "q": 16, "t": 11, "N": 5, "m": 2, "inputs": 16, "mism": 0, "expect_mismatch": false, "verdict": "PASS", "s": 0.0}
{"cfg": "ALLT_k3_K2_q16_even_t12", "k": 3, "q": 16, "t": 12, "N": 5, "m": 2, "inputs": 16, "mism": 0, "expect_mismatch": false, "verdict": "PASS", "s": 0.0}
{"cfg": "ALLT_k3_K2_q16_even_t13", "k": 3, "q": 16, "t": 13, "N": 5, "m": 2, "inputs": 16, "mism": 0, "expect_mismatch": false, "verdict": "PASS", "s": 0.0}
{"cfg": "ALLT_k3_K2_q16_even_t14", "k": 3, "q": 16, "t": 14, "N": 5, "m": 2, "inputs": 16, "mism": 0, "expect_mismatch": false, "verdict": "PASS", "s": 0.0}
{"cfg": "ALLT_k3_K2_q16_even_t15", "k": 3, "q": 16, "t": 15, "N": 5, "m": 2, "inputs": 16, "mism": 0, "expect_mismatch": false, "verdict": "PASS", "s": 0.0}
{"summ_C": "ALLT_k3_K2_q16_even", "q": 16, "gcd_k_q": 1, "window_len": 3, "len_ge_gcd": true, "uncovered_t": [], "verdict": "PASS"}
{"cfg": "ALLT_k3_K2_q19_odd_t0", "k": 3, "q": 19, "t": 0, "N": 6, "m": 2, "inputs": 16, "mism": 0, "expect_mismatch": false, "verdict": "PASS", "s": 0.0}
{"cfg": "ALLT_k3_K2_q19_odd_t1", "k": 3, "q": 19, "t": 1, "N": 6, "m": 2, "inputs": 16, "mism": 0, "expect_mismatch": false, "verdict": "PASS", "s": 0.0}
{"cfg": "ALLT_k3_K2_q19_odd_t2", "k": 3, "q": 19, "t": 2, "N": 6, "m": 2, "inputs": 16, "mism": 0, "expect_mismatch": false, "verdict": "PASS", "s": 0.0}
{"cfg": "ALLT_k3_K2_q19_odd_t3", "k": 3, "q": 19, "t": 3, "N": 6, "m": 2, "inputs": 16, "mism": 0, "expect_mismatch": false, "verdict": "PASS", "s": 0.0}
{"cfg": "ALLT_k3_K2_q19_odd_t4", "k": 3, "q": 19, "t": 4, "N": 6, "m": 2, "inputs": 16, "mism": 0, "expect_mismatch": false, "verdict": "PASS", "s": 0.0}
{"cfg": "ALLT_k3_K2_q19_odd_t5", "k": 3, "q": 19, "t": 5, "N": 6, "m": 2, "inputs": 16, "mism": 0, "expect_mismatch": false, "verdict": "PASS", "s": 0.0}
{"cfg": "ALLT_k3_K2_q19_odd_t6", "k": 3, "q": 19, "t": 6, "N": 6, "m": 2, "inputs": 16, "mism": 0, "expect_mismatch": false, "verdict": "PASS", "s": 0.0}
{"cfg": "ALLT_k3_K2_q19_odd_t7", "k": 3, "q": 19, "t": 7, "N": 6, "m": 2, "inputs": 16, "mism": 0, "expect_mismatch": false, "verdict": "PASS", "s": 0.0}
{"cfg": "ALLT_k3_K2_q19_odd_t8", "k": 3, "q": 19, "t": 8, "N": 6, "m": 2, "inputs": 16, "mism": 0, "expect_mismatch": false, "verdict": "PASS", "s": 0.0}
{"cfg": "ALLT_k3_K2_q19_odd_t9", "k": 3, "q": 19, "t": 9, "N": 6, "m": 2, "inputs": 16, "mism": 0, "expect_mismatch": false, "verdict": "PASS", "s": 0.0}
{"cfg": "ALLT_k3_K2_q19_odd_t10", "k": 3, "q": 19, "t": 10, "N": 6, "m": 2, "inputs": 16, "mism": 0, "expect_mismatch": false, "verdict": "PASS", "s": 0.0}
{"cfg": "ALLT_k3_K2_q19_odd_t11", "k": 3, "q": 19, "t": 11, "N": 6, "m": 2, "inputs": 16, "mism": 0, "expect_mismatch": false, "verdict": "PASS", "s": 0.0}
{"cfg": "ALLT_k3_K2_q19_odd_t12", "k": 3, "q": 19, "t": 12, "N": 6, "m": 2, "inputs": 16, "mism": 0, "expect_mismatch": false, "verdict": "PASS", "s": 0.0}
{"cfg": "ALLT_k3_K2_q19_odd_t13", "k": 3, "q": 19, "t": 13, "N": 6, "m": 2, "inputs": 16, "mism": 0, "expect_mismatch": false, "verdict": "PASS", "s": 0.0}
{"cfg": "ALLT_k3_K2_q19_odd_t14", "k": 3, "q": 19, "t": 14, "N": 6, "m": 2, "inputs": 16, "mism": 0, "expect_mismatch": false, "verdict": "PASS", "s": 0.0}
{"cfg": "ALLT_k3_K2_q19_odd_t15", "k": 3, "q": 19, "t": 15, "N": 6, "m": 2, "inputs": 16, "mism": 0, "expect_mismatch": false, "verdict": "PASS", "s": 0.0}
{"cfg": "ALLT_k3_K2_q19_odd_t16", "k": 3, "q": 19, "t": 16, "N": 6, "m": 2, "inputs": 16, "mism": 0, "expect_mismatch": false, "verdict": "PASS", "s": 0.0}
{"cfg": "ALLT_k3_K2_q19_odd_t17", "k": 3, "q": 19, "t": 17, "N": 6, "m": 2, "inputs": 16, "mism": 0, "expect_mismatch": false, "verdict": "PASS", "s": 0.0}
{"cfg": "ALLT_k3_K2_q19_odd_t18", "k": 3, "q": 19, "t": 18, "N": 6, "m": 2, "inputs": 16, "mism": 0, "expect_mismatch": false, "verdict": "PASS", "s": 0.0}
{"summ_C": "ALLT_k3_K2_q19_odd", "q": 19, "gcd_k_q": 1, "window_len": 3, "len_ge_gcd": true, "uncovered_t": [], "verdict": "PASS"}
{"cfg": "ALLT_k4_K3_q52_even_t0", "k": 4, "q": 52, "t": 0, "N": 6, "m": 2, "inputs": 81, "mism": 0, "expect_mismatch": false, "verdict": "PASS", "s": 0.0}
{"cfg": "ALLT_k4_K3_q52_even_t1", "k": 4, "q": 52, "t": 1, "N": 6, "m": 2, "inputs": 81, "mism": 0, "expect_mismatch": false, "verdict": "PASS", "s": 0.0}
{"cfg": "ALLT_k4_K3_q52_even_t2", "k": 4, "q": 52, "t": 2, "N": 6, "m": 2, "inputs": 81, "mism": 0, "expect_mismatch": false, "verdict": "PASS", "s": 0.0}
{"cfg": "ALLT_k4_K3_q52_even_t3", "k": 4, "q": 52, "t": 3, "N": 6, "m": 2, "inputs": 81, "mism": 0, "expect_mismatch": false, "verdict": "PASS", "s": 0.0}
{"cfg": "ALLT_k4_K3_q52_even_t4", "k": 4, "q": 52, "t": 4, "N": 6, "m": 2, "inputs": 81, "mism": 0, "expect_mismatch": false, "verdict": "PASS", "s": 0.0}
{"cfg": "ALLT_k4_K3_q52_even_t5", "k": 4, "q": 52, "t": 5, "N": 6, "m": 2, "inputs": 81, "mism": 0, "expect_mismatch": false, "verdict": "PASS", "s": 0.0}
{"cfg": "ALLT_k4_K3_q52_even_t6", "k": 4, "q": 52, "t": 6, "N": 6, "m": 2, "inputs": 81, "mism": 0, "expect_mismatch": false, "verdict": "PASS", "s": 0.0}
{"cfg": "ALLT_k4_K3_q52_even_t7", "k": 4, "q": 52, "t": 7, "N": 6, "m": 2, "inputs": 81, "mism": 0, "expect_mismatch": false, "verdict": "PASS", "s": 0.0}
{"cfg": "ALLT_k4_K3_q52_even_t8", "k": 4, "q": 52, "t": 8, "N": 6, "m": 2, "inputs": 81, "mism": 0, "expect_mismatch": false, "verdict": "PASS", "s": 0.0}
{"cfg": "ALLT_k4_K3_q52_even_t9", "k": 4, "q": 52, "t": 9, "N": 6, "m": 2, "inputs": 81, "mism": 0, "expect_mismatch": false, "verdict": "PASS", "s": 0.0}
{"cfg": "ALLT_k4_K3_q52_even_t10", "k": 4, "q": 52, "t": 10, "N": 6, "m": 2, "inputs": 81, "mism": 0, "expect_mismatch": false, "verdict": "PASS", "s": 0.0}
{"cfg": "ALLT_k4_K3_q52_even_t11", "k": 4, "q": 52, "t": 11, "N": 6, "m": 2, "inputs": 81, "mism": 0, "expect_mismatch": false, "verdict": "PASS", "s": 0.0}
{"cfg": "ALLT_k4_K3_q52_even_t12", "k": 4, "q": 52, "t": 12, "N": 6, "m": 2, "inputs": 81, "mism": 0, "expect_mismatch": false, "verdict": "PASS", "s": 0.0}
{"cfg": "ALLT_k4_K3_q52_even_t13", "k": 4, "q": 52, "t": 13, "N": 6, "m": 2, "inputs": 81, "mism": 0, "expect_mismatch": false, "verdict": "PASS", "s": 0.0}
{"cfg": "ALLT_k4_K3_q52_even_t14", "k": 4, "q": 52, "t": 14, "N": 6, "m": 2, "inputs": 81, "mism": 0, "expect_mismatch": false, "verdict": "PASS", "s": 0.0}
{"cfg": "ALLT_k4_K3_q52_even_t15", "k": 4, "q": 52, "t": 15, "N": 6, "m": 2, "inputs": 81, "mism": 0, "expect_mismatch": false, "verdict": "PASS", "s": 0.0}
{"cfg": "ALLT_k4_K3_q52_even_t16", "k": 4, "q": 52, "t": 16, "N": 6, "m": 2, "inputs": 81, "mism": 0, "expect_mismatch": false, "verdict": "PASS", "s": 0.0}
{"cfg": "ALLT_k4_K3_q52_even_t17", "k": 4, "q": 52, "t": 17, "N": 6, "m": 2, "inputs": 81, "mism": 0, "expect_mismatch": false, "verdict": "PASS", "s": 0.0}
{"cfg": "ALLT_k4_K3_q52_even_t18", "k": 4, "q": 52, "t": 18, "N": 6, "m": 2, "inputs": 81, "mism": 0, "expect_mismatch": false, "verdict": "PASS", "s": 0.0}
{"cfg": "ALLT_k4_K3_q52_even_t19", "k": 4, "q": 52, "t": 19, "N": 6, "m": 2, "inputs": 81, "mism": 0, "expect_mismatch": false, "verdict": "PASS", "s": 0.0}
{"cfg": "ALLT_k4_K3_q52_even_t20", "k": 4, "q": 52, "t": 20, "N": 6, "m": 2, "inputs": 81, "mism": 0, "expect_mismatch": false, "verdict": "PASS", "s": 0.0}
{"cfg": "ALLT_k4_K3_q52_even_t21", "k": 4, "q": 52, "t": 21, "N": 6, "m": 2, "inputs": 81, "mism": 0, "expect_mismatch": false, "verdict": "PASS", "s": 0.0}
{"cfg": "ALLT_k4_K3_q52_even_t22", "k": 4, "q": 52, "t": 22, "N": 6, "m": 2, "inputs": 81, "mism": 0, "expect_mismatch": false, "verdict": "PASS", "s": 0.0}
{"cfg": "ALLT_k4_K3_q52_even_t23", "k": 4, "q": 52, "t": 23, "N": 6, "m": 2, "inputs": 81, "mism": 0, "expect_mismatch": false, "verdict": "PASS", "s": 0.0}
{"cfg": "ALLT_k4_K3_q52_even_t24", "k": 4, "q": 52, "t": 24, "N": 6, "m": 2, "inputs": 81, "mism": 0, "expect_mismatch": false, "verdict": "PASS", "s": 0.0}
{"cfg": "ALLT_k4_K3_q52_even_t25", "k": 4, "q": 52, "t": 25, "N": 6, "m": 2, "inputs": 81, "mism": 0, "expect_mismatch": false, "verdict": "PASS", "s": 0.0}
{"cfg": "ALLT_k4_K3_q52_even_t26", "k": 4, "q": 52, "t": 26, "N": 6, "m": 2, "inputs": 81, "mism": 0, "expect_mismatch": false, "verdict": "PASS", "s": 0.0}
{"cfg": "ALLT_k4_K3_q52_even_t27", "k": 4, "q": 52, "t": 27, "N": 6, "m": 2, "inputs": 81, "mism": 0, "expect_mismatch": false, "verdict": "PASS", "s": 0.0}
{"cfg": "ALLT_k4_K3_q52_even_t28", "k": 4, "q": 52, "t": 28, "N": 6, "m": 2, "inputs": 81, "mism": 0, "expect_mismatch": false, "verdict": "PASS", "s": 0.0}
{"cfg": "ALLT_k4_K3_q52_even_t29", "k": 4, "q": 52, "t": 29, "N": 6, "m": 2, "inputs": 81, "mism": 0, "expect_mismatch": false, "verdict": "PASS", "s": 0.0}
{"cfg": "ALLT_k4_K3_q52_even_t30", "k": 4, "q": 52, "t": 30, "N": 6, "m": 2, "inputs": 81, "mism": 0, "expect_mismatch": false, "verdict": "PASS", "s": 0.0}
{"cfg": "ALLT_k4_K3_q52_even_t31", "k": 4, "q": 52, "t": 31, "N": 6, "m": 2, "inputs": 81, "mism": 0, "expect_mismatch": false, "verdict": "PASS", "s": 0.0}
{"cfg": "ALLT_k4_K3_q52_even_t32", "k": 4, "q": 52, "t": 32, "N": 6, "m": 2, "inputs": 81, "mism": 0, "expect_mismatch": false, "verdict": "PASS", "s": 0.0}
{"cfg": "ALLT_k4_K3_q52_even_t33", "k": 4, "q": 52, "t": 33, "N": 6, "m": 2, "inputs": 81, "mism": 0, "expect_mismatch": false, "verdict": "PASS", "s": 0.0}
{"cfg": "ALLT_k4_K3_q52_even_t34", "k": 4, "q": 52, "t": 34, "N": 6, "m": 2, "inputs": 81, "mism": 0, "expect_mismatch": false, "verdict": "PASS", "s": 0.0}
{"cfg": "ALLT_k4_K3_q52_even_t35", "k": 4, "q": 52, "t": 35, "N": 6, "m": 2, "inputs": 81, "mism": 0, "expect_mismatch": false, "verdict": "PASS", "s": 0.0}
{"cfg": "ALLT_k4_K3_q52_even_t36", "k": 4, "q": 52, "t": 36, "N": 6, "m": 2, "inputs": 81, "mism": 0, "expect_mismatch": false, "verdict": "PASS", "s": 0.0}
{"cfg": "ALLT_k4_K3_q52_even_t37", "k": 4, "q": 52, "t": 37, "N": 6, "m": 2, "inputs": 81, "mism": 0, "expect_mismatch": false, "verdict": "PASS", "s": 0.0}
{"cfg": "ALLT_k4_K3_q52_even_t38", "k": 4, "q": 52, "t": 38, "N": 6, "m": 2, "inputs": 81, "mism": 0, "expect_mismatch": false, "verdict": "PASS", "s": 0.0}
{"cfg": "ALLT_k4_K3_q52_even_t39", "k": 4, "q": 52, "t": 39, "N": 6, "m": 2, "inputs": 81, "mism": 0, "expect_mismatch": false, "verdict": "PASS", "s": 0.0}
{"cfg": "ALLT_k4_K3_q52_even_t40", "k": 4, "q": 52, "t": 40, "N": 6, "m": 2, "inputs": 81, "mism": 0, "expect_mismatch": false, "verdict": "PASS", "s": 0.0}
{"cfg": "ALLT_k4_K3_q52_even_t41", "k": 4, "q": 52, "t": 41, "N": 6, "m": 2, "inputs": 81, "mism": 0, "expect_mismatch": false, "verdict": "PASS", "s": 0.0}
{"cfg": "ALLT_k4_K3_q52_even_t42", "k": 4, "q": 52, "t": 42, "N": 6, "m": 2, "inputs": 81, "mism": 0, "expect_mismatch": false, "verdict": "PASS", "s": 0.0}
{"cfg": "ALLT_k4_K3_q52_even_t43", "k": 4, "q": 52, "t": 43, "N": 6, "m": 2, "inputs": 81, "mism": 0, "expect_mismatch": false, "verdict": "PASS", "s": 0.0}
{"cfg": "ALLT_k4_K3_q52_even_t44", "k": 4, "q": 52, "t": 44, "N": 6, "m": 2, "inputs": 81, "mism": 0, "expect_mismatch": false, "verdict": "PASS", "s": 0.0}
{"cfg": "ALLT_k4_K3_q52_even_t45", "k": 4, "q": 52, "t": 45, "N": 6, "m": 2, "inputs": 81, "mism": 0, "expect_mismatch": false, "verdict": "PASS", "s": 0.0}
{"cfg": "ALLT_k4_K3_q52_even_t46", "k": 4, "q": 52, "t": 46, "N": 6, "m": 2, "inputs": 81, "mism": 0, "expect_mismatch": false, "verdict": "PASS", "s": 0.0}
{"cfg": "ALLT_k4_K3_q52_even_t47", "k": 4, "q": 52, "t": 47, "N": 6, "m": 2, "inputs": 81, "mism": 0, "expect_mismatch": false, "verdict": "PASS", "s": 0.0}
{"cfg": "ALLT_k4_K3_q52_even_t48", "k": 4, "q": 52, "t": 48, "N": 6, "m": 2, "inputs": 81, "mism": 0, "expect_mismatch": false, "verdict": "PASS", "s": 0.0}
{"cfg": "ALLT_k4_K3_q52_even_t49", "k": 4, "q": 52, "t": 49, "N": 6, "m": 2, "inputs": 81, "mism": 0, "expect_mismatch": false, "verdict": "PASS", "s": 0.0}
{"cfg": "ALLT_k4_K3_q52_even_t50", "k": 4, "q": 52, "t": 50, "N": 6, "m": 2, "inputs": 81, "mism": 0, "expect_mismatch": false, "verdict": "PASS", "s": 0.0}
{"cfg": "ALLT_k4_K3_q52_even_t51", "k": 4, "q": 52, "t": 51, "N": 6, "m": 2, "inputs": 81, "mism": 0, "expect_mismatch": false, "verdict": "PASS", "s": 0.0}
{"summ_C": "ALLT_k4_K3_q52_even", "q": 52, "gcd_k_q": 4, "window_len": 14, "len_ge_gcd": true, "uncovered_t": [], "verdict": "PASS"}
{"cfg": "ALLT_k4_K2_q44_odd_t0", "k": 4, "q": 44, "t": 0, "N": 9, "m": 3, "inputs": 64, "mism": 0, "expect_mismatch": false, "verdict": "PASS", "s": 0.0}
{"cfg": "ALLT_k4_K2_q44_odd_t1", "k": 4, "q": 44, "t": 1, "N": 9, "m": 3, "inputs": 64, "mism": 0, "expect_mismatch": false, "verdict": "PASS", "s": 0.0}
{"cfg": "ALLT_k4_K2_q44_odd_t2", "k": 4, "q": 44, "t": 2, "N": 9, "m": 3, "inputs": 64, "mism": 0, "expect_mismatch": false, "verdict": "PASS", "s": 0.0}
{"cfg": "ALLT_k4_K2_q44_odd_t3", "k": 4, "q": 44, "t": 3, "N": 9, "m": 3, "inputs": 64, "mism": 0, "expect_mismatch": false, "verdict": "PASS", "s": 0.0}
{"cfg": "ALLT_k4_K2_q44_odd_t4", "k": 4, "q": 44, "t": 4, "N": 9, "m": 3, "inputs": 64, "mism": 0, "expect_mismatch": false, "verdict": "PASS", "s": 0.0}
{"cfg": "ALLT_k4_K2_q44_odd_t5", "k": 4, "q": 44, "t": 5, "N": 9, "m": 3, "inputs": 64, "mism": 0, "expect_mismatch": false, "verdict": "PASS", "s": 0.0}
{"cfg": "ALLT_k4_K2_q44_odd_t6", "k": 4, "q": 44, "t": 6, "N": 9, "m": 3, "inputs": 64, "mism": 0, "expect_mismatch": false, "verdict": "PASS", "s": 0.0}
{"cfg": "ALLT_k4_K2_q44_odd_t7", "k": 4, "q": 44, "t": 7, "N": 9, "m": 3, "inputs": 64, "mism": 0, "expect_mismatch": false, "verdict": "PASS", "s": 0.0}
{"cfg": "ALLT_k4_K2_q44_odd_t8", "k": 4, "q": 44, "t": 8, "N": 9, "m": 3, "inputs": 64, "mism": 0, "expect_mismatch": false, "verdict": "PASS", "s": 0.0}
{"cfg": "ALLT_k4_K2_q44_odd_t9", "k": 4, "q": 44, "t": 9, "N": 9, "m": 3, "inputs": 64, "mism": 0, "expect_mismatch": false, "verdict": "PASS", "s": 0.0}
{"cfg": "ALLT_k4_K2_q44_odd_t10", "k": 4, "q": 44, "t": 10, "N": 9, "m": 3, "inputs": 64, "mism": 0, "expect_mismatch": false, "verdict": "PASS", "s": 0.0}
{"cfg": "ALLT_k4_K2_q44_odd_t11", "k": 4, "q": 44, "t": 11, "N": 9, "m": 3, "inputs": 64, "mism": 0, "expect_mismatch": false, "verdict": "PASS", "s": 0.0}
{"cfg": "ALLT_k4_K2_q44_odd_t12", "k": 4, "q": 44, "t": 12, "N": 9, "m": 3, "inputs": 64, "mism": 0, "expect_mismatch": false, "verdict": "PASS", "s": 0.0}
{"cfg": "ALLT_k4_K2_q44_odd_t13", "k": 4, "q": 44, "t": 13, "N": 9, "m": 3, "inputs": 64, "mism": 0, "expect_mismatch": false, "verdict": "PASS", "s": 0.0}
{"cfg": "ALLT_k4_K2_q44_odd_t14", "k": 4, "q": 44, "t": 14, "N": 9, "m": 3, "inputs": 64, "mism": 0, "expect_mismatch": false, "verdict": "PASS", "s": 0.0}
{"cfg": "ALLT_k4_K2_q44_odd_t15", "k": 4, "q": 44, "t": 15, "N": 9, "m": 3, "inputs": 64, "mism": 0, "expect_mismatch": false, "verdict": "PASS", "s": 0.0}
{"cfg": "ALLT_k4_K2_q44_odd_t16", "k": 4, "q": 44, "t": 16, "N": 9, "m": 3, "inputs": 64, "mism": 0, "expect_mismatch": false, "verdict": "PASS", "s": 0.0}
{"cfg": "ALLT_k4_K2_q44_odd_t17", "k": 4, "q": 44, "t": 17, "N": 9, "m": 3, "inputs": 64, "mism": 0, "expect_mismatch": false, "verdict": "PASS", "s": 0.0}
{"cfg": "ALLT_k4_K2_q44_odd_t18", "k": 4, "q": 44, "t": 18, "N": 9, "m": 3, "inputs": 64, "mism": 0, "expect_mismatch": false, "verdict": "PASS", "s": 0.0}
{"cfg": "ALLT_k4_K2_q44_odd_t19", "k": 4, "q": 44, "t": 19, "N": 9, "m": 3, "inputs": 64, "mism": 0, "expect_mismatch": false, "verdict": "PASS", "s": 0.0}
{"cfg": "ALLT_k4_K2_q44_odd_t20", "k": 4, "q": 44, "t": 20, "N": 9, "m": 3, "inputs": 64, "mism": 0, "expect_mismatch": false, "verdict": "PASS", "s": 0.0}
{"cfg": "ALLT_k4_K2_q44_odd_t21", "k": 4, "q": 44, "t": 21, "N": 9, "m": 3, "inputs": 64, "mism": 0, "expect_mismatch": false, "verdict": "PASS", "s": 0.0}
{"cfg": "ALLT_k4_K2_q44_odd_t22", "k": 4, "q": 44, "t": 22, "N": 9, "m": 3, "inputs": 64, "mism": 0, "expect_mismatch": false, "verdict": "PASS", "s": 0.0}
{"cfg": "ALLT_k4_K2_q44_odd_t23", "k": 4, "q": 44, "t": 23, "N": 9, "m": 3, "inputs": 64, "mism": 0, "expect_mismatch": false, "verdict": "PASS", "s": 0.0}
{"cfg": "ALLT_k4_K2_q44_odd_t24", "k": 4, "q": 44, "t": 24, "N": 9, "m": 3, "inputs": 64, "mism": 0, "expect_mismatch": false, "verdict": "PASS", "s": 0.0}
{"cfg": "ALLT_k4_K2_q44_odd_t25", "k": 4, "q": 44, "t": 25, "N": 9, "m": 3, "inputs": 64, "mism": 0, "expect_mismatch": false, "verdict": "PASS", "s": 0.0}
{"cfg": "ALLT_k4_K2_q44_odd_t26", "k": 4, "q": 44, "t": 26, "N": 9, "m": 3, "inputs": 64, "mism": 0, "expect_mismatch": false, "verdict": "PASS", "s": 0.0}
{"cfg": "ALLT_k4_K2_q44_odd_t27", "k": 4, "q": 44, "t": 27, "N": 9, "m": 3, "inputs": 64, "mism": 0, "expect_mismatch": false, "verdict": "PASS", "s": 0.0}
{"cfg": "ALLT_k4_K2_q44_odd_t28", "k": 4, "q": 44, "t": 28, "N": 9, "m": 3, "inputs": 64, "mism": 0, "expect_mismatch": false, "verdict": "PASS", "s": 0.0}
{"cfg": "ALLT_k4_K2_q44_odd_t29", "k": 4, "q": 44, "t": 29, "N": 9, "m": 3, "inputs": 64, "mism": 0, "expect_mismatch": false, "verdict": "PASS", "s": 0.0}
{"cfg": "ALLT_k4_K2_q44_odd_t30", "k": 4, "q": 44, "t": 30, "N": 9, "m": 3, "inputs": 64, "mism": 0, "expect_mismatch": false, "verdict": "PASS", "s": 0.0}
{"cfg": "ALLT_k4_K2_q44_odd_t31", "k": 4, "q": 44, "t": 31, "N": 9, "m": 3, "inputs": 64, "mism": 0, "expect_mismatch": false, "verdict": "PASS", "s": 0.0}
{"cfg": "ALLT_k4_K2_q44_odd_t32", "k": 4, "q": 44, "t": 32, "N": 9, "m": 3, "inputs": 64, "mism": 0, "expect_mismatch": false, "verdict": "PASS", "s": 0.0}
{"cfg": "ALLT_k4_K2_q44_odd_t33", "k": 4, "q": 44, "t": 33, "N": 9, "m": 3, "inputs": 64, "mism": 0, "expect_mismatch": false, "verdict": "PASS", "s": 0.0}
{"cfg": "ALLT_k4_K2_q44_odd_t34", "k": 4, "q": 44, "t": 34, "N": 9, "m": 3, "inputs": 64, "mism": 0, "expect_mismatch": false, "verdict": "PASS", "s": 0.0}
{"cfg": "ALLT_k4_K2_q44_odd_t35", "k": 4, "q": 44, "t": 35, "N": 9, "m": 3, "inputs": 64, "mism": 0, "expect_mismatch": false, "verdict": "PASS", "s": 0.0}
{"cfg": "ALLT_k4_K2_q44_odd_t36", "k": 4, "q": 44, "t": 36, "N": 9, "m": 3, "inputs": 64, "mism": 0, "expect_mismatch": false, "verdict": "PASS", "s": 0.0}
{"cfg": "ALLT_k4_K2_q44_odd_t37", "k": 4, "q": 44, "t": 37, "N": 9, "m": 3, "inputs": 64, "mism": 0, "expect_mismatch": false, "verdict": "PASS", "s": 0.0}
{"cfg": "ALLT_k4_K2_q44_odd_t38", "k": 4, "q": 44, "t": 38, "N": 9, "m": 3, "inputs": 64, "mism": 0, "expect_mismatch": false, "verdict": "PASS", "s": 0.0}
{"cfg": "ALLT_k4_K2_q44_odd_t39", "k": 4, "q": 44, "t": 39, "N": 9, "m": 3, "inputs": 64, "mism": 0, "expect_mismatch": false, "verdict": "PASS", "s": 0.0}
{"cfg": "ALLT_k4_K2_q44_odd_t40", "k": 4, "q": 44, "t": 40, "N": 9, "m": 3, "inputs": 64, "mism": 0, "expect_mismatch": false, "verdict": "PASS", "s": 0.0}
{"cfg": "ALLT_k4_K2_q44_odd_t41", "k": 4, "q": 44, "t": 41, "N": 9, "m": 3, "inputs": 64, "mism": 0, "expect_mismatch": false, "verdict": "PASS", "s": 0.0}
{"cfg": "ALLT_k4_K2_q44_odd_t42", "k": 4, "q": 44, "t": 42, "N": 9, "m": 3, "inputs": 64, "mism": 0, "expect_mismatch": false, "verdict": "PASS", "s": 0.0}
{"cfg": "ALLT_k4_K2_q44_odd_t43", "k": 4, "q": 44, "t": 43, "N": 9, "m": 3, "inputs": 64, "mism": 0, "expect_mismatch": false, "verdict": "PASS", "s": 0.0}
{"summ_C": "ALLT_k4_K2_q44_odd", "q": 44, "gcd_k_q": 4, "window_len": 13, "len_ge_gcd": true, "uncovered_t": [], "verdict": "PASS"}
{"cfg": "ALLT_k4_K2_q40_even_t0", "k": 4, "q": 40, "t": 0, "N": 6, "m": 2, "inputs": 16, "mism": 0, "expect_mismatch": false, "verdict": "PASS", "s": 0.0}
{"cfg": "ALLT_k4_K2_q40_even_t1", "k": 4, "q": 40, "t": 1, "N": 6, "m": 2, "inputs": 16, "mism": 0, "expect_mismatch": false, "verdict": "PASS", "s": 0.0}
{"cfg": "ALLT_k4_K2_q40_even_t2", "k": 4, "q": 40, "t": 2, "N": 6, "m": 2, "inputs": 16, "mism": 0, "expect_mismatch": false, "verdict": "PASS", "s": 0.0}
{"cfg": "ALLT_k4_K2_q40_even_t3", "k": 4, "q": 40, "t": 3, "N": 6, "m": 2, "inputs": 16, "mism": 0, "expect_mismatch": false, "verdict": "PASS", "s": 0.0}
{"cfg": "ALLT_k4_K2_q40_even_t4", "k": 4, "q": 40, "t": 4, "N": 6, "m": 2, "inputs": 16, "mism": 0, "expect_mismatch": false, "verdict": "PASS", "s": 0.0}
{"cfg": "ALLT_k4_K2_q40_even_t5", "k": 4, "q": 40, "t": 5, "N": 6, "m": 2, "inputs": 16, "mism": 0, "expect_mismatch": false, "verdict": "PASS", "s": 0.0}
{"cfg": "ALLT_k4_K2_q40_even_t6", "k": 4, "q": 40, "t": 6, "N": 6, "m": 2, "inputs": 16, "mism": 0, "expect_mismatch": false, "verdict": "PASS", "s": 0.0}
{"cfg": "ALLT_k4_K2_q40_even_t7", "k": 4, "q": 40, "t": 7, "N": 6, "m": 2, "inputs": 16, "mism": 0, "expect_mismatch": false, "verdict": "PASS", "s": 0.0}
{"cfg": "ALLT_k4_K2_q40_even_t8", "k": 4, "q": 40, "t": 8, "N": 6, "m": 2, "inputs": 16, "mism": 0, "expect_mismatch": false, "verdict": "PASS", "s": 0.0}
{"cfg": "ALLT_k4_K2_q40_even_t9", "k": 4, "q": 40, "t": 9, "N": 6, "m": 2, "inputs": 16, "mism": 0, "expect_mismatch": false, "verdict": "PASS", "s": 0.0}
{"cfg": "ALLT_k4_K2_q40_even_t10", "k": 4, "q": 40, "t": 10, "N": 6, "m": 2, "inputs": 16, "mism": 0, "expect_mismatch": false, "verdict": "PASS", "s": 0.0}
{"cfg": "ALLT_k4_K2_q40_even_t11", "k": 4, "q": 40, "t": 11, "N": 6, "m": 2, "inputs": 16, "mism": 0, "expect_mismatch": false, "verdict": "PASS", "s": 0.0}
{"cfg": "ALLT_k4_K2_q40_even_t12", "k": 4, "q": 40, "t": 12, "N": 6, "m": 2, "inputs": 16, "mism": 0, "expect_mismatch": false, "verdict": "PASS", "s": 0.0}
{"cfg": "ALLT_k4_K2_q40_even_t13", "k": 4, "q": 40, "t": 13, "N": 6, "m": 2, "inputs": 16, "mism": 0, "expect_mismatch": false, "verdict": "PASS", "s": 0.0}
{"cfg": "ALLT_k4_K2_q40_even_t14", "k": 4, "q": 40, "t": 14, "N": 6, "m": 2, "inputs": 16, "mism": 0, "expect_mismatch": false, "verdict": "PASS", "s": 0.0}
{"cfg": "ALLT_k4_K2_q40_even_t15", "k": 4, "q": 40, "t": 15, "N": 6, "m": 2, "inputs": 16, "mism": 0, "expect_mismatch": false, "verdict": "PASS", "s": 0.0}
{"cfg": "ALLT_k4_K2_q40_even_t16", "k": 4, "q": 40, "t": 16, "N": 6, "m": 2, "inputs": 16, "mism": 0, "expect_mismatch": false, "verdict": "PASS", "s": 0.0}
{"cfg": "ALLT_k4_K2_q40_even_t17", "k": 4, "q": 40, "t": 17, "N": 6, "m": 2, "inputs": 16, "mism": 0, "expect_mismatch": false, "verdict": "PASS", "s": 0.0}
{"cfg": "ALLT_k4_K2_q40_even_t18", "k": 4, "q": 40, "t": 18, "N": 6, "m": 2, "inputs": 16, "mism": 0, "expect_mismatch": false, "verdict": "PASS", "s": 0.0}
{"cfg": "ALLT_k4_K2_q40_even_t19", "k": 4, "q": 40, "t": 19, "N": 6, "m": 2, "inputs": 16, "mism": 0, "expect_mismatch": false, "verdict": "PASS", "s": 0.0}
{"cfg": "ALLT_k4_K2_q40_even_t20", "k": 4, "q": 40, "t": 20, "N": 6, "m": 2, "inputs": 16, "mism": 0, "expect_mismatch": false, "verdict": "PASS", "s": 0.0}
{"cfg": "ALLT_k4_K2_q40_even_t21", "k": 4, "q": 40, "t": 21, "N": 6, "m": 2, "inputs": 16, "mism": 0, "expect_mismatch": false, "verdict": "PASS", "s": 0.0}
{"cfg": "ALLT_k4_K2_q40_even_t22", "k": 4, "q": 40, "t": 22, "N": 6, "m": 2, "inputs": 16, "mism": 0, "expect_mismatch": false, "verdict": "PASS", "s": 0.0}
{"cfg": "ALLT_k4_K2_q40_even_t23", "k": 4, "q": 40, "t": 23, "N": 6, "m": 2, "inputs": 16, "mism": 0, "expect_mismatch": false, "verdict": "PASS", "s": 0.0}
{"cfg": "ALLT_k4_K2_q40_even_t24", "k": 4, "q": 40, "t": 24, "N": 6, "m": 2, "inputs": 16, "mism": 0, "expect_mismatch": false, "verdict": "PASS", "s": 0.0}
{"cfg": "ALLT_k4_K2_q40_even_t25", "k": 4, "q": 40, "t": 25, "N": 6, "m": 2, "inputs": 16, "mism": 0, "expect_mismatch": false, "verdict": "PASS", "s": 0.0}
{"cfg": "ALLT_k4_K2_q40_even_t26", "k": 4, "q": 40, "t": 26, "N": 6, "m": 2, "inputs": 16, "mism": 0, "expect_mismatch": false, "verdict": "PASS", "s": 0.0}
{"cfg": "ALLT_k4_K2_q40_even_t27", "k": 4, "q": 40, "t": 27, "N": 6, "m": 2, "inputs": 16, "mism": 0, "expect_mismatch": false, "verdict": "PASS", "s": 0.0}
{"cfg": "ALLT_k4_K2_q40_even_t28", "k": 4, "q": 40, "t": 28, "N": 6, "m": 2, "inputs": 16, "mism": 0, "expect_mismatch": false, "verdict": "PASS", "s": 0.0}
{"cfg": "ALLT_k4_K2_q40_even_t29", "k": 4, "q": 40, "t": 29, "N": 6, "m": 2, "inputs": 16, "mism": 0, "expect_mismatch": false, "verdict": "PASS", "s": 0.0}
{"cfg": "ALLT_k4_K2_q40_even_t30", "k": 4, "q": 40, "t": 30, "N": 6, "m": 2, "inputs": 16, "mism": 0, "expect_mismatch": false, "verdict": "PASS", "s": 0.0}
{"cfg": "ALLT_k4_K2_q40_even_t31", "k": 4, "q": 40, "t": 31, "N": 6, "m": 2, "inputs": 16, "mism": 0, "expect_mismatch": false, "verdict": "PASS", "s": 0.0}
{"cfg": "ALLT_k4_K2_q40_even_t32", "k": 4, "q": 40, "t": 32, "N": 6, "m": 2, "inputs": 16, "mism": 0, "expect_mismatch": false, "verdict": "PASS", "s": 0.0}
{"cfg": "ALLT_k4_K2_q40_even_t33", "k": 4, "q": 40, "t": 33, "N": 6, "m": 2, "inputs": 16, "mism": 0, "expect_mismatch": false, "verdict": "PASS", "s": 0.0}
{"cfg": "ALLT_k4_K2_q40_even_t34", "k": 4, "q": 40, "t": 34, "N": 6, "m": 2, "inputs": 16, "mism": 0, "expect_mismatch": false, "verdict": "PASS", "s": 0.0}
{"cfg": "ALLT_k4_K2_q40_even_t35", "k": 4, "q": 40, "t": 35, "N": 6, "m": 2, "inputs": 16, "mism": 0, "expect_mismatch": false, "verdict": "PASS", "s": 0.0}
{"cfg": "ALLT_k4_K2_q40_even_t36", "k": 4, "q": 40, "t": 36, "N": 6, "m": 2, "inputs": 16, "mism": 0, "expect_mismatch": false, "verdict": "PASS", "s": 0.0}
{"cfg": "ALLT_k4_K2_q40_even_t37", "k": 4, "q": 40, "t": 37, "N": 6, "m": 2, "inputs": 16, "mism": 0, "expect_mismatch": false, "verdict": "PASS", "s": 0.0}
{"cfg": "ALLT_k4_K2_q40_even_t38", "k": 4, "q": 40, "t": 38, "N": 6, "m": 2, "inputs": 16, "mism": 0, "expect_mismatch": false, "verdict": "PASS", "s": 0.0}
{"cfg": "ALLT_k4_K2_q40_even_t39", "k": 4, "q": 40, "t": 39, "N": 6, "m": 2, "inputs": 16, "mism": 0, "expect_mismatch": false, "verdict": "PASS", "s": 0.0}
{"summ_C": "ALLT_k4_K2_q40_even", "q": 40, "gcd_k_q": 4, "window_len": 14, "len_ge_gcd": true, "uncovered_t": [], "verdict": "PASS"}
{"cfg": "ALLT_k5_K2_q55_odd_t0", "k": 5, "q": 55, "t": 0, "N": 10, "m": 3, "inputs": 64, "mism": 0, "expect_mismatch": false, "verdict": "PASS", "s": 0.0}
{"cfg": "ALLT_k5_K2_q55_odd_t1", "k": 5, "q": 55, "t": 1, "N": 10, "m": 3, "inputs": 64, "mism": 0, "expect_mismatch": false, "verdict": "PASS", "s": 0.0}
{"cfg": "ALLT_k5_K2_q55_odd_t2", "k": 5, "q": 55, "t": 2, "N": 10, "m": 3, "inputs": 64, "mism": 0, "expect_mismatch": false, "verdict": "PASS", "s": 0.0}
{"cfg": "ALLT_k5_K2_q55_odd_t3", "k": 5, "q": 55, "t": 3, "N": 10, "m": 3, "inputs": 64, "mism": 0, "expect_mismatch": false, "verdict": "PASS", "s": 0.0}
{"cfg": "ALLT_k5_K2_q55_odd_t4", "k": 5, "q": 55, "t": 4, "N": 10, "m": 3, "inputs": 64, "mism": 0, "expect_mismatch": false, "verdict": "PASS", "s": 0.0}
{"cfg": "ALLT_k5_K2_q55_odd_t5", "k": 5, "q": 55, "t": 5, "N": 10, "m": 3, "inputs": 64, "mism": 0, "expect_mismatch": false, "verdict": "PASS", "s": 0.0}
{"cfg": "ALLT_k5_K2_q55_odd_t6", "k": 5, "q": 55, "t": 6, "N": 10, "m": 3, "inputs": 64, "mism": 0, "expect_mismatch": false, "verdict": "PASS", "s": 0.0}
{"cfg": "ALLT_k5_K2_q55_odd_t7", "k": 5, "q": 55, "t": 7, "N": 10, "m": 3, "inputs": 64, "mism": 0, "expect_mismatch": false, "verdict": "PASS", "s": 0.0}
{"cfg": "ALLT_k5_K2_q55_odd_t8", "k": 5, "q": 55, "t": 8, "N": 10, "m": 3, "inputs": 64, "mism": 0, "expect_mismatch": false, "verdict": "PASS", "s": 0.0}
{"cfg": "ALLT_k5_K2_q55_odd_t9", "k": 5, "q": 55, "t": 9, "N": 10, "m": 3, "inputs": 64, "mism": 0, "expect_mismatch": false, "verdict": "PASS", "s": 0.0}
{"cfg": "ALLT_k5_K2_q55_odd_t10", "k": 5, "q": 55, "t": 10, "N": 10, "m": 3, "inputs": 64, "mism": 0, "expect_mismatch": false, "verdict": "PASS", "s": 0.0}
{"cfg": "ALLT_k5_K2_q55_odd_t11", "k": 5, "q": 55, "t": 11, "N": 10, "m": 3, "inputs": 64, "mism": 0, "expect_mismatch": false, "verdict": "PASS", "s": 0.0}
{"cfg": "ALLT_k5_K2_q55_odd_t12", "k": 5, "q": 55, "t": 12, "N": 10, "m": 3, "inputs": 64, "mism": 0, "expect_mismatch": false, "verdict": "PASS", "s": 0.0}
{"cfg": "ALLT_k5_K2_q55_odd_t13", "k": 5, "q": 55, "t": 13, "N": 10, "m": 3, "inputs": 64, "mism": 0, "expect_mismatch": false, "verdict": "PASS", "s": 0.0}
{"cfg": "ALLT_k5_K2_q55_odd_t14", "k": 5, "q": 55, "t": 14, "N": 10, "m": 3, "inputs": 64, "mism": 0, "expect_mismatch": false, "verdict": "PASS", "s": 0.0}
{"cfg": "ALLT_k5_K2_q55_odd_t15", "k": 5, "q": 55, "t": 15, "N": 10, "m": 3, "inputs": 64, "mism": 0, "expect_mismatch": false, "verdict": "PASS", "s": 0.0}
{"cfg": "ALLT_k5_K2_q55_odd_t16", "k": 5, "q": 55, "t": 16, "N": 10, "m": 3, "inputs": 64, "mism": 0, "expect_mismatch": false, "verdict": "PASS", "s": 0.0}
{"cfg": "ALLT_k5_K2_q55_odd_t17", "k": 5, "q": 55, "t": 17, "N": 10, "m": 3, "inputs": 64, "mism": 0, "expect_mismatch": false, "verdict": "PASS", "s": 0.0}
{"cfg": "ALLT_k5_K2_q55_odd_t18", "k": 5, "q": 55, "t": 18, "N": 10, "m": 3, "inputs": 64, "mism": 0, "expect_mismatch": false, "verdict": "PASS", "s": 0.0}
{"cfg": "ALLT_k5_K2_q55_odd_t19", "k": 5, "q": 55, "t": 19, "N": 10, "m": 3, "inputs": 64, "mism": 0, "expect_mismatch": false, "verdict": "PASS", "s": 0.0}
{"cfg": "ALLT_k5_K2_q55_odd_t20", "k": 5, "q": 55, "t": 20, "N": 10, "m": 3, "inputs": 64, "mism": 0, "expect_mismatch": false, "verdict": "PASS", "s": 0.0}
{"cfg": "ALLT_k5_K2_q55_odd_t21", "k": 5, "q": 55, "t": 21, "N": 10, "m": 3, "inputs": 64, "mism": 0, "expect_mismatch": false, "verdict": "PASS", "s": 0.0}
{"cfg": "ALLT_k5_K2_q55_odd_t22", "k": 5, "q": 55, "t": 22, "N": 10, "m": 3, "inputs": 64, "mism": 0, "expect_mismatch": false, "verdict": "PASS", "s": 0.0}
{"cfg": "ALLT_k5_K2_q55_odd_t23", "k": 5, "q": 55, "t": 23, "N": 10, "m": 3, "inputs": 64, "mism": 0, "expect_mismatch": false, "verdict": "PASS", "s": 0.0}
{"cfg": "ALLT_k5_K2_q55_odd_t24", "k": 5, "q": 55, "t": 24, "N": 10, "m": 3, "inputs": 64, "mism": 0, "expect_mismatch": false, "verdict": "PASS", "s": 0.0}
{"cfg": "ALLT_k5_K2_q55_odd_t25", "k": 5, "q": 55, "t": 25, "N": 10, "m": 3, "inputs": 64, "mism": 0, "expect_mismatch": false, "verdict": "PASS", "s": 0.0}
{"cfg": "ALLT_k5_K2_q55_odd_t26", "k": 5, "q": 55, "t": 26, "N": 10, "m": 3, "inputs": 64, "mism": 0, "expect_mismatch": false, "verdict": "PASS", "s": 0.0}
{"cfg": "ALLT_k5_K2_q55_odd_t27", "k": 5, "q": 55, "t": 27, "N": 10, "m": 3, "inputs": 64, "mism": 0, "expect_mismatch": false, "verdict": "PASS", "s": 0.0}
{"cfg": "ALLT_k5_K2_q55_odd_t28", "k": 5, "q": 55, "t": 28, "N": 10, "m": 3, "inputs": 64, "mism": 0, "expect_mismatch": false, "verdict": "PASS", "s": 0.0}
{"cfg": "ALLT_k5_K2_q55_odd_t29", "k": 5, "q": 55, "t": 29, "N": 10, "m": 3, "inputs": 64, "mism": 0, "expect_mismatch": false, "verdict": "PASS", "s": 0.0}
{"cfg": "ALLT_k5_K2_q55_odd_t30", "k": 5, "q": 55, "t": 30, "N": 10, "m": 3, "inputs": 64, "mism": 0, "expect_mismatch": false, "verdict": "PASS", "s": 0.0}
{"cfg": "ALLT_k5_K2_q55_odd_t31", "k": 5, "q": 55, "t": 31, "N": 10, "m": 3, "inputs": 64, "mism": 0, "expect_mismatch": false, "verdict": "PASS", "s": 0.0}
{"cfg": "ALLT_k5_K2_q55_odd_t32", "k": 5, "q": 55, "t": 32, "N": 10, "m": 3, "inputs": 64, "mism": 0, "expect_mismatch": false, "verdict": "PASS", "s": 0.0}
{"cfg": "ALLT_k5_K2_q55_odd_t33", "k": 5, "q": 55, "t": 33, "N": 10, "m": 3, "inputs": 64, "mism": 0, "expect_mismatch": false, "verdict": "PASS", "s": 0.0}
{"cfg": "ALLT_k5_K2_q55_odd_t34", "k": 5, "q": 55, "t": 34, "N": 10, "m": 3, "inputs": 64, "mism": 0, "expect_mismatch": false, "verdict": "PASS", "s": 0.0}
{"cfg": "ALLT_k5_K2_q55_odd_t35", "k": 5, "q": 55, "t": 35, "N": 10, "m": 3, "inputs": 64, "mism": 0, "expect_mismatch": false, "verdict": "PASS", "s": 0.0}
{"cfg": "ALLT_k5_K2_q55_odd_t36", "k": 5, "q": 55, "t": 36, "N": 10, "m": 3, "inputs": 64, "mism": 0, "expect_mismatch": false, "verdict": "PASS", "s": 0.0}
{"cfg": "ALLT_k5_K2_q55_odd_t37", "k": 5, "q": 55, "t": 37, "N": 10, "m": 3, "inputs": 64, "mism": 0, "expect_mismatch": false, "verdict": "PASS", "s": 0.0}
{"cfg": "ALLT_k5_K2_q55_odd_t38", "k": 5, "q": 55, "t": 38, "N": 10, "m": 3, "inputs": 64, "mism": 0, "expect_mismatch": false, "verdict": "PASS", "s": 0.0}
{"cfg": "ALLT_k5_K2_q55_odd_t39", "k": 5, "q": 55, "t": 39, "N": 10, "m": 3, "inputs": 64, "mism": 0, "expect_mismatch": false, "verdict": "PASS", "s": 0.0}
{"cfg": "ALLT_k5_K2_q55_odd_t40", "k": 5, "q": 55, "t": 40, "N": 10, "m": 3, "inputs": 64, "mism": 0, "expect_mismatch": false, "verdict": "PASS", "s": 0.0}
{"cfg": "ALLT_k5_K2_q55_odd_t41", "k": 5, "q": 55, "t": 41, "N": 10, "m": 3, "inputs": 64, "mism": 0, "expect_mismatch": false, "verdict": "PASS", "s": 0.0}
{"cfg": "ALLT_k5_K2_q55_odd_t42", "k": 5, "q": 55, "t": 42, "N": 10, "m": 3, "inputs": 64, "mism": 0, "expect_mismatch": false, "verdict": "PASS", "s": 0.0}
{"cfg": "ALLT_k5_K2_q55_odd_t43", "k": 5, "q": 55, "t": 43, "N": 10, "m": 3, "inputs": 64, "mism": 0, "expect_mismatch": false, "verdict": "PASS", "s": 0.0}
{"cfg": "ALLT_k5_K2_q55_odd_t44", "k": 5, "q": 55, "t": 44, "N": 10, "m": 3, "inputs": 64, "mism": 0, "expect_mismatch": false, "verdict": "PASS", "s": 0.0}
{"cfg": "ALLT_k5_K2_q55_odd_t45", "k": 5, "q": 55, "t": 45, "N": 10, "m": 3, "inputs": 64, "mism": 0, "expect_mismatch": false, "verdict": "PASS", "s": 0.0}
{"cfg": "ALLT_k5_K2_q55_odd_t46", "k": 5, "q": 55, "t": 46, "N": 10, "m": 3, "inputs": 64, "mism": 0, "expect_mismatch": false, "verdict": "PASS", "s": 0.0}
{"cfg": "ALLT_k5_K2_q55_odd_t47", "k": 5, "q": 55, "t": 47, "N": 10, "m": 3, "inputs": 64, "mism": 0, "expect_mismatch": false, "verdict": "PASS", "s": 0.0}
{"cfg": "ALLT_k5_K2_q55_odd_t48", "k": 5, "q": 55, "t": 48, "N": 10, "m": 3, "inputs": 64, "mism": 0, "expect_mismatch": false, "verdict": "PASS", "s": 0.0}
{"cfg": "ALLT_k5_K2_q55_odd_t49", "k": 5, "q": 55, "t": 49, "N": 10, "m": 3, "inputs": 64, "mism": 0, "expect_mismatch": false, "verdict": "PASS", "s": 0.0}
{"cfg": "ALLT_k5_K2_q55_odd_t50", "k": 5, "q": 55, "t": 50, "N": 10, "m": 3, "inputs": 64, "mism": 0, "expect_mismatch": false, "verdict": "PASS", "s": 0.0}
{"cfg": "ALLT_k5_K2_q55_odd_t51", "k": 5, "q": 55, "t": 51, "N": 10, "m": 3, "inputs": 64, "mism": 0, "expect_mismatch": false, "verdict": "PASS", "s": 0.0}
{"cfg": "ALLT_k5_K2_q55_odd_t52", "k": 5, "q": 55, "t": 52, "N": 10, "m": 3, "inputs": 64, "mism": 0, "expect_mismatch": false, "verdict": "PASS", "s": 0.0}
{"cfg": "ALLT_k5_K2_q55_odd_t53", "k": 5, "q": 55, "t": 53, "N": 10, "m": 3, "inputs": 64, "mism": 0, "expect_mismatch": false, "verdict": "PASS", "s": 0.0}
{"cfg": "ALLT_k5_K2_q55_odd_t54", "k": 5, "q": 55, "t": 54, "N": 10, "m": 3, "inputs": 64, "mism": 0, "expect_mismatch": false, "verdict": "PASS", "s": 0.0}
{"summ_C": "ALLT_k5_K2_q55_odd", "q": 55, "gcd_k_q": 5, "window_len": 5, "len_ge_gcd": true, "uncovered_t": [], "verdict": "PASS"}
{"cfg": "ALLT_k6_K2_q72_even_t0", "k": 6, "q": 72, "t": 0, "N": 10, "m": 3, "inputs": 64, "mism": 0, "expect_mismatch": false, "verdict": "PASS", "s": 0.0}
{"cfg": "ALLT_k6_K2_q72_even_t1", "k": 6, "q": 72, "t": 1, "N": 10, "m": 3, "inputs": 64, "mism": 0, "expect_mismatch": false, "verdict": "PASS", "s": 0.0}
{"cfg": "ALLT_k6_K2_q72_even_t2", "k": 6, "q": 72, "t": 2, "N": 10, "m": 3, "inputs": 64, "mism": 0, "expect_mismatch": false, "verdict": "PASS", "s": 0.0}
{"cfg": "ALLT_k6_K2_q72_even_t3", "k": 6, "q": 72, "t": 3, "N": 10, "m": 3, "inputs": 64, "mism": 0, "expect_mismatch": false, "verdict": "PASS", "s": 0.0}
{"cfg": "ALLT_k6_K2_q72_even_t4", "k": 6, "q": 72, "t": 4, "N": 10, "m": 3, "inputs": 64, "mism": 0, "expect_mismatch": false, "verdict": "PASS", "s": 0.0}
{"cfg": "ALLT_k6_K2_q72_even_t5", "k": 6, "q": 72, "t": 5, "N": 10, "m": 3, "inputs": 64, "mism": 0, "expect_mismatch": false, "verdict": "PASS", "s": 0.0}
{"cfg": "ALLT_k6_K2_q72_even_t6", "k": 6, "q": 72, "t": 6, "N": 10, "m": 3, "inputs": 64, "mism": 0, "expect_mismatch": false, "verdict": "PASS", "s": 0.0}
{"cfg": "ALLT_k6_K2_q72_even_t7", "k": 6, "q": 72, "t": 7, "N": 10, "m": 3, "inputs": 64, "mism": 0, "expect_mismatch": false, "verdict": "PASS", "s": 0.0}
{"cfg": "ALLT_k6_K2_q72_even_t8", "k": 6, "q": 72, "t": 8, "N": 10, "m": 3, "inputs": 64, "mism": 0, "expect_mismatch": false, "verdict": "PASS", "s": 0.0}
{"cfg": "ALLT_k6_K2_q72_even_t9", "k": 6, "q": 72, "t": 9, "N": 10, "m": 3, "inputs": 64, "mism": 0, "expect_mismatch": false, "verdict": "PASS", "s": 0.0}
{"cfg": "ALLT_k6_K2_q72_even_t10", "k": 6, "q": 72, "t": 10, "N": 10, "m": 3, "inputs": 64, "mism": 0, "expect_mismatch": false, "verdict": "PASS", "s": 0.0}
{"cfg": "ALLT_k6_K2_q72_even_t11", "k": 6, "q": 72, "t": 11, "N": 10, "m": 3, "inputs": 64, "mism": 0, "expect_mismatch": false, "verdict": "PASS", "s": 0.0}
{"cfg": "ALLT_k6_K2_q72_even_t12", "k": 6, "q": 72, "t": 12, "N": 10, "m": 3, "inputs": 64, "mism": 0, "expect_mismatch": false, "verdict": "PASS", "s": 0.0}
{"cfg": "ALLT_k6_K2_q72_even_t13", "k": 6, "q": 72, "t": 13, "N": 10, "m": 3, "inputs": 64, "mism": 0, "expect_mismatch": false, "verdict": "PASS", "s": 0.0}
{"cfg": "ALLT_k6_K2_q72_even_t14", "k": 6, "q": 72, "t": 14, "N": 10, "m": 3, "inputs": 64, "mism": 0, "expect_mismatch": false, "verdict": "PASS", "s": 0.0}
{"cfg": "ALLT_k6_K2_q72_even_t15", "k": 6, "q": 72, "t": 15, "N": 10, "m": 3, "inputs": 64, "mism": 0, "expect_mismatch": false, "verdict": "PASS", "s": 0.0}
{"cfg": "ALLT_k6_K2_q72_even_t16", "k": 6, "q": 72, "t": 16, "N": 10, "m": 3, "inputs": 64, "mism": 0, "expect_mismatch": false, "verdict": "PASS", "s": 0.0}
{"cfg": "ALLT_k6_K2_q72_even_t17", "k": 6, "q": 72, "t": 17, "N": 10, "m": 3, "inputs": 64, "mism": 0, "expect_mismatch": false, "verdict": "PASS", "s": 0.0}
{"cfg": "ALLT_k6_K2_q72_even_t18", "k": 6, "q": 72, "t": 18, "N": 10, "m": 3, "inputs": 64, "mism": 0, "expect_mismatch": false, "verdict": "PASS", "s": 0.0}
{"cfg": "ALLT_k6_K2_q72_even_t19", "k": 6, "q": 72, "t": 19, "N": 10, "m": 3, "inputs": 64, "mism": 0, "expect_mismatch": false, "verdict": "PASS", "s": 0.0}
{"cfg": "ALLT_k6_K2_q72_even_t20", "k": 6, "q": 72, "t": 20, "N": 10, "m": 3, "inputs": 64, "mism": 0, "expect_mismatch": false, "verdict": "PASS", "s": 0.0}
{"cfg": "ALLT_k6_K2_q72_even_t21", "k": 6, "q": 72, "t": 21, "N": 10, "m": 3, "inputs": 64, "mism": 0, "expect_mismatch": false, "verdict": "PASS", "s": 0.0}
{"cfg": "ALLT_k6_K2_q72_even_t22", "k": 6, "q": 72, "t": 22, "N": 10, "m": 3, "inputs": 64, "mism": 0, "expect_mismatch": false, "verdict": "PASS", "s": 0.0}
{"cfg": "ALLT_k6_K2_q72_even_t23", "k": 6, "q": 72, "t": 23, "N": 10, "m": 3, "inputs": 64, "mism": 0, "expect_mismatch": false, "verdict": "PASS", "s": 0.0}
{"cfg": "ALLT_k6_K2_q72_even_t24", "k": 6, "q": 72, "t": 24, "N": 10, "m": 3, "inputs": 64, "mism": 0, "expect_mismatch": false, "verdict": "PASS", "s": 0.0}
{"cfg": "ALLT_k6_K2_q72_even_t25", "k": 6, "q": 72, "t": 25, "N": 10, "m": 3, "inputs": 64, "mism": 0, "expect_mismatch": false, "verdict": "PASS", "s": 0.0}
{"cfg": "ALLT_k6_K2_q72_even_t26", "k": 6, "q": 72, "t": 26, "N": 10, "m": 3, "inputs": 64, "mism": 0, "expect_mismatch": false, "verdict": "PASS", "s": 0.0}
{"cfg": "ALLT_k6_K2_q72_even_t27", "k": 6, "q": 72, "t": 27, "N": 10, "m": 3, "inputs": 64, "mism": 0, "expect_mismatch": false, "verdict": "PASS", "s": 0.0}
{"cfg": "ALLT_k6_K2_q72_even_t28", "k": 6, "q": 72, "t": 28, "N": 10, "m": 3, "inputs": 64, "mism": 0, "expect_mismatch": false, "verdict": "PASS", "s": 0.0}
{"cfg": "ALLT_k6_K2_q72_even_t29", "k": 6, "q": 72, "t": 29, "N": 10, "m": 3, "inputs": 64, "mism": 0, "expect_mismatch": false, "verdict": "PASS", "s": 0.0}
{"cfg": "ALLT_k6_K2_q72_even_t30", "k": 6, "q": 72, "t": 30, "N": 10, "m": 3, "inputs": 64, "mism": 0, "expect_mismatch": false, "verdict": "PASS", "s": 0.0}
{"cfg": "ALLT_k6_K2_q72_even_t31", "k": 6, "q": 72, "t": 31, "N": 10, "m": 3, "inputs": 64, "mism": 0, "expect_mismatch": false, "verdict": "PASS", "s": 0.0}
{"cfg": "ALLT_k6_K2_q72_even_t32", "k": 6, "q": 72, "t": 32, "N": 10, "m": 3, "inputs": 64, "mism": 0, "expect_mismatch": false, "verdict": "PASS", "s": 0.0}
{"cfg": "ALLT_k6_K2_q72_even_t33", "k": 6, "q": 72, "t": 33, "N": 10, "m": 3, "inputs": 64, "mism": 0, "expect_mismatch": false, "verdict": "PASS", "s": 0.0}
{"cfg": "ALLT_k6_K2_q72_even_t34", "k": 6, "q": 72, "t": 34, "N": 10, "m": 3, "inputs": 64, "mism": 0, "expect_mismatch": false, "verdict": "PASS", "s": 0.0}
{"cfg": "ALLT_k6_K2_q72_even_t35", "k": 6, "q": 72, "t": 35, "N": 10, "m": 3, "inputs": 64, "mism": 0, "expect_mismatch": false, "verdict": "PASS", "s": 0.0}
{"cfg": "ALLT_k6_K2_q72_even_t36", "k": 6, "q": 72, "t": 36, "N": 10, "m": 3, "inputs": 64, "mism": 0, "expect_mismatch": false, "verdict": "PASS", "s": 0.0}
{"cfg": "ALLT_k6_K2_q72_even_t37", "k": 6, "q": 72, "t": 37, "N": 10, "m": 3, "inputs": 64, "mism": 0, "expect_mismatch": false, "verdict": "PASS", "s": 0.0}
{"cfg": "ALLT_k6_K2_q72_even_t38", "k": 6, "q": 72, "t": 38, "N": 10, "m": 3, "inputs": 64, "mism": 0, "expect_mismatch": false, "verdict": "PASS", "s": 0.0}
{"cfg": "ALLT_k6_K2_q72_even_t39", "k": 6, "q": 72, "t": 39, "N": 10, "m": 3, "inputs": 64, "mism": 0, "expect_mismatch": false, "verdict": "PASS", "s": 0.0}
{"cfg": "ALLT_k6_K2_q72_even_t40", "k": 6, "q": 72, "t": 40, "N": 10, "m": 3, "inputs": 64, "mism": 0, "expect_mismatch": false, "verdict": "PASS", "s": 0.0}
{"cfg": "ALLT_k6_K2_q72_even_t41", "k": 6, "q": 72, "t": 41, "N": 10, "m": 3, "inputs": 64, "mism": 0, "expect_mismatch": false, "verdict": "PASS", "s": 0.0}
{"cfg": "ALLT_k6_K2_q72_even_t42", "k": 6, "q": 72, "t": 42, "N": 10, "m": 3, "inputs": 64, "mism": 0, "expect_mismatch": false, "verdict": "PASS", "s": 0.0}
{"cfg": "ALLT_k6_K2_q72_even_t43", "k": 6, "q": 72, "t": 43, "N": 10, "m": 3, "inputs": 64, "mism": 0, "expect_mismatch": false, "verdict": "PASS", "s": 0.0}
{"cfg": "ALLT_k6_K2_q72_even_t44", "k": 6, "q": 72, "t": 44, "N": 10, "m": 3, "inputs": 64, "mism": 0, "expect_mismatch": false, "verdict": "PASS", "s": 0.0}
{"cfg": "ALLT_k6_K2_q72_even_t45", "k": 6, "q": 72, "t": 45, "N": 10, "m": 3, "inputs": 64, "mism": 0, "expect_mismatch": false, "verdict": "PASS", "s": 0.0}
{"cfg": "ALLT_k6_K2_q72_even_t46", "k": 6, "q": 72, "t": 46, "N": 10, "m": 3, "inputs": 64, "mism": 0, "expect_mismatch": false, "verdict": "PASS", "s": 0.0}
{"cfg": "ALLT_k6_K2_q72_even_t47", "k": 6, "q": 72, "t": 47, "N": 10, "m": 3, "inputs": 64, "mism": 0, "expect_mismatch": false, "verdict": "PASS", "s": 0.0}
{"cfg": "ALLT_k6_K2_q72_even_t48", "k": 6, "q": 72, "t": 48, "N": 10, "m": 3, "inputs": 64, "mism": 0, "expect_mismatch": false, "verdict": "PASS", "s": 0.0}
{"cfg": "ALLT_k6_K2_q72_even_t49", "k": 6, "q": 72, "t": 49, "N": 10, "m": 3, "inputs": 64, "mism": 0, "expect_mismatch": false, "verdict": "PASS", "s": 0.0}
{"cfg": "ALLT_k6_K2_q72_even_t50", "k": 6, "q": 72, "t": 50, "N": 10, "m": 3, "inputs": 64, "mism": 0, "expect_mismatch": false, "verdict": "PASS", "s": 0.0}
{"cfg": "ALLT_k6_K2_q72_even_t51", "k": 6, "q": 72, "t": 51, "N": 10, "m": 3, "inputs": 64, "mism": 0, "expect_mismatch": false, "verdict": "PASS", "s": 0.0}
{"cfg": "ALLT_k6_K2_q72_even_t52", "k": 6, "q": 72, "t": 52, "N": 10, "m": 3, "inputs": 64, "mism": 0, "expect_mismatch": false, "verdict": "PASS", "s": 0.0}
{"cfg": "ALLT_k6_K2_q72_even_t53", "k": 6, "q": 72, "t": 53, "N": 10, "m": 3, "inputs": 64, "mism": 0, "expect_mismatch": false, "verdict": "PASS", "s": 0.0}
{"cfg": "ALLT_k6_K2_q72_even_t54", "k": 6, "q": 72, "t": 54, "N": 10, "m": 3, "inputs": 64, "mism": 0, "expect_mismatch": false, "verdict": "PASS", "s": 0.0}
{"cfg": "ALLT_k6_K2_q72_even_t55", "k": 6, "q": 72, "t": 55, "N": 10, "m": 3, "inputs": 64, "mism": 0, "expect_mismatch": false, "verdict": "PASS", "s": 0.0}
{"cfg": "ALLT_k6_K2_q72_even_t56", "k": 6, "q": 72, "t": 56, "N": 10, "m": 3, "inputs": 64, "mism": 0, "expect_mismatch": false, "verdict": "PASS", "s": 0.0}
{"cfg": "ALLT_k6_K2_q72_even_t57", "k": 6, "q": 72, "t": 57, "N": 10, "m": 3, "inputs": 64, "mism": 0, "expect_mismatch": false, "verdict": "PASS", "s": 0.0}
{"cfg": "ALLT_k6_K2_q72_even_t58", "k": 6, "q": 72, "t": 58, "N": 10, "m": 3, "inputs": 64, "mism": 0, "expect_mismatch": false, "verdict": "PASS", "s": 0.0}
{"cfg": "ALLT_k6_K2_q72_even_t59", "k": 6, "q": 72, "t": 59, "N": 10, "m": 3, "inputs": 64, "mism": 0, "expect_mismatch": false, "verdict": "PASS", "s": 0.0}
{"cfg": "ALLT_k6_K2_q72_even_t60", "k": 6, "q": 72, "t": 60, "N": 10, "m": 3, "inputs": 64, "mism": 0, "expect_mismatch": false, "verdict": "PASS", "s": 0.0}
{"cfg": "ALLT_k6_K2_q72_even_t61", "k": 6, "q": 72, "t": 61, "N": 10, "m": 3, "inputs": 64, "mism": 0, "expect_mismatch": false, "verdict": "PASS", "s": 0.0}
{"cfg": "ALLT_k6_K2_q72_even_t62", "k": 6, "q": 72, "t": 62, "N": 10, "m": 3, "inputs": 64, "mism": 0, "expect_mismatch": false, "verdict": "PASS", "s": 0.0}
{"cfg": "ALLT_k6_K2_q72_even_t63", "k": 6, "q": 72, "t": 63, "N": 10, "m": 3, "inputs": 64, "mism": 0, "expect_mismatch": false, "verdict": "PASS", "s": 0.0}
{"cfg": "ALLT_k6_K2_q72_even_t64", "k": 6, "q": 72, "t": 64, "N": 10, "m": 3, "inputs": 64, "mism": 0, "expect_mismatch": false, "verdict": "PASS", "s": 0.0}
{"cfg": "ALLT_k6_K2_q72_even_t65", "k": 6, "q": 72, "t": 65, "N": 10, "m": 3, "inputs": 64, "mism": 0, "expect_mismatch": false, "verdict": "PASS", "s": 0.0}
{"cfg": "ALLT_k6_K2_q72_even_t66", "k": 6, "q": 72, "t": 66, "N": 10, "m": 3, "inputs": 64, "mism": 0, "expect_mismatch": false, "verdict": "PASS", "s": 0.0}
{"cfg": "ALLT_k6_K2_q72_even_t67", "k": 6, "q": 72, "t": 67, "N": 10, "m": 3, "inputs": 64, "mism": 0, "expect_mismatch": false, "verdict": "PASS", "s": 0.0}
{"cfg": "ALLT_k6_K2_q72_even_t68", "k": 6, "q": 72, "t": 68, "N": 10, "m": 3, "inputs": 64, "mism": 0, "expect_mismatch": false, "verdict": "PASS", "s": 0.0}
{"cfg": "ALLT_k6_K2_q72_even_t69", "k": 6, "q": 72, "t": 69, "N": 10, "m": 3, "inputs": 64, "mism": 0, "expect_mismatch": false, "verdict": "PASS", "s": 0.0}
{"cfg": "ALLT_k6_K2_q72_even_t70", "k": 6, "q": 72, "t": 70, "N": 10, "m": 3, "inputs": 64, "mism": 0, "expect_mismatch": false, "verdict": "PASS", "s": 0.0}
{"cfg": "ALLT_k6_K2_q72_even_t71", "k": 6, "q": 72, "t": 71, "N": 10, "m": 3, "inputs": 64, "mism": 0, "expect_mismatch": false, "verdict": "PASS", "s": 0.0}
{"summ_C": "ALLT_k6_K2_q72_even", "q": 72, "gcd_k_q": 6, "window_len": 8, "len_ge_gcd": true, "uncovered_t": [], "verdict": "PASS"}
{"below_thr_demo": "k6_K2_q66", "window": [52, 53], "window_len": 2, "gcd_k_q": 6, "targets_covered": 22, "of_q": 66, "note": "partial coverage EXPECTED below thr=70; confirms gcd threshold is real"}
## D. FREEZE (W3E-1 as authored): reduction identity + delta-window coverage
{"cfg": "Dfrz_k3_K2_q14_d0", "k": 3, "q": 14, "t": 7, "N": 5, "m": 2, "inputs": 16, "mism": 0, "expect_mismatch": false, "verdict": "PASS", "s": 0.0}
{"summ_D": "k3_K2_q14", "C0": 7, "Delta": 0, "deltas_swept": 1, "t0": 7}
{"cfg": "Dfrz_k3_K3_q20_d0", "k": 3, "q": 20, "t": 10, "N": 7, "m": 3, "inputs": 729, "mism": 0, "expect_mismatch": false, "verdict": "PASS", "s": 0.0}
{"summ_D": "k3_K3_q20", "C0": 10, "Delta": 0, "deltas_swept": 1, "t0": 10}
{"cfg": "Dfrz_k4_K2_q27_d0", "k": 4, "q": 27, "t": 18, "N": 6, "m": 2, "inputs": 16, "mism": 0, "expect_mismatch": false, "verdict": "PASS", "s": 0.0}
{"summ_D": "k4_K2_q27", "C0": 9, "Delta": 0, "deltas_swept": 1, "t0": 18}
{"cfg": "Dfrz_k4_K2_q30_d-1", "k": 4, "q": 30, "t": 19, "N": 8, "m": 3, "inputs": 64, "mism": 0, "expect_mismatch": false, "verdict": "PASS", "s": 0.0}
{"cfg": "Dfrz_k4_K2_q30_d0", "k": 4, "q": 30, "t": 20, "N": 8, "m": 3, "inputs": 64, "mism": 0, "expect_mismatch": false, "verdict": "PASS", "s": 0.0}
{"cfg": "Dfrz_k4_K2_q30_d1", "k": 4, "q": 30, "t": 21, "N": 8, "m": 3, "inputs": 64, "mism": 0, "expect_mismatch": false, "verdict": "PASS", "s": 0.0}
{"summ_D": "k4_K2_q30", "C0": 10, "Delta": 1, "deltas_swept": 3, "t0": 20}
{"cfg": "Dfrz_k5_K2_q44_d0", "k": 5, "q": 44, "t": 33, "N": 9, "m": 3, "inputs": 64, "mism": 0, "expect_mismatch": false, "verdict": "PASS", "s": 0.0}
{"summ_D": "k5_K2_q44", "C0": 11, "Delta": 0, "deltas_swept": 1, "t0": 33}
{"cfg": "Dfrz_k6_K2_q65_d0", "k": 6, "q": 65, "t": 52, "N": 10, "m": 3, "inputs": 64, "mism": 0, "expect_mismatch": false, "verdict": "PASS", "s": 0.0}
{"summ_D": "k6_K2_q65", "C0": 13, "Delta": 0, "deltas_swept": 1, "t0": 52}
## E. Negative controls (expect_mismatch=True): reduction MUST break
{"cfg": "NEGalllive_k3_K2_q21_t6", "x_head": [2, 2, 2, 20], "target": 6, "hit": true, "claw": false, "verdict": "PASS", "note": "all-live no-claw hit at boundary t=kK -> window must exclude it"}
{"cfg": "NEGalllive_k4_K2_q34_t8", "x_head": [2, 2, 2, 2, 33], "target": 8, "hit": true, "claw": false, "verdict": "PASS", "note": "all-live no-claw hit at boundary t=kK -> window must exclude it"}
{"cfg": "NEGalllive_k5_K2_q55_t10", "x_head": [2, 2, 2, 2, 2, 54], "target": 10, "hit": true, "claw": false, "verdict": "PASS", "note": "all-live no-claw hit at boundary t=kK -> window must exclude it"}
{"cfg": "NEGalllive_k6_K2_q70_t12", "x_head": [2, 2, 2, 2, 2, 2, 69], "target": 12, "hit": true, "claw": false, "verdict": "PASS", "note": "all-live no-claw hit at boundary t=kK -> window must exclude it"}
{"cfg": "NEGvstar_k3_K2_q24", "k": 3, "q": 24, "t": 8, "N": 6, "m": 2, "inputs": 16, "mism": 1, "expect_mismatch": true, "verdict": "PASS", "s": 0.0}
  witness {"f": [1, 1], "g": [2, 2], "x": [8, 2, 1, 1, 22, 22], "hit": true, "claw": false}
{"cfg": "NEGvstar_k5_K2_q60", "k": 5, "q": 60, "t": 34, "N": 8, "m": 2, "inputs": 16, "mism": 1, "expect_mismatch": true, "verdict": "PASS", "s": 0.0}
  witness {"f": [1, 1], "g": [2, 2], "x": [11, 11, 12, 2, 1, 1, 58, 58], "hit": true, "claw": false}
## F. wraparound + boundary + the over-freeze pathology
{"boundary_even_thr": true, "k": 3, "K": 2, "q": 16, "window": [7, 9], "window_len": 3, "gcd_k_q": 1, "len_ge_gcd": true}
{"boundary_even_thr": true, "k": 4, "K": 2, "q": 30, "window": [18, 21], "window_len": 4, "gcd_k_q": 2, "len_ge_gcd": true}
{"boundary_even_thr": true, "k": 5, "K": 2, "q": 48, "window": [33, 37], "window_len": 5, "gcd_k_q": 1, "len_ge_gcd": true}
{"boundary_even_thr": true, "k": 6, "K": 2, "q": 70, "window": [52, 57], "window_len": 6, "gcd_k_q": 2, "len_ge_gcd": true}
{"boundary_even_thr": true, "k": 4, "K": 3, "q": 42, "window": [26, 29], "window_len": 4, "gcd_k_q": 2, "len_ge_gcd": true}
{"overfreeze_pathology": true, "k": 3, "q": 24, "C0": 12, "t0": 12, "three_C0_sum_mod_q": 12, "spurious_hit": true, "note": "naive pad-with-C0 self-hits; CORE avoids it"}
# TOTAL inputs checked: 47496
# OVERALL: ALL PASS
